Reading /fs/project/whelan.105/virgata/virgata-assembly/post-submission-filtering-tests/virgata_m3M3n3_r80p11_maf025_gt6/populations.haps.vcf ...
  1,693 loci, 217 samples
  haplotypes per locus: median 2, max 6; 24.3% of loci are multi-allelic (>2)
  missing genotype rate: 3.14%
  populations: LookoutCreek (n=20), FlintRiver_RylandPike (n=20), Sequatchie_Teague (n=20), PaintRock_AL2 (n=20), Dry_Creek (n=20), Pidgeon_River (n=17), Sequatchie_OldYork (n=20), Sequatchie_Inman (n=20), FlintRiver_HWY61 (n=20), BentCreek (n=20), SpringCreek (n=20)
  record type: HAPLOTYPE (one multi-allelic locus per RAD tag)
  1,693 records on 1,693 RAD loci (1.00 per locus)
Available-data mode (min_n = 2): 1,693 of 1,693 records usable by >= 1 population
  18,621 of 18,623 locus-by-population cells meet min_n (100.0%)
    LookoutCreek           1,693 of 1,693 loci usable (typed-n there: mean 19.4, min 8, max 20)
    FlintRiver_RylandPike  1,692 of 1,693 loci usable (typed-n there: mean 19.3, min 8, max 20)
    Sequatchie_Teague      1,693 of 1,693 loci usable (typed-n there: mean 19.4, min 3, max 20)
    PaintRock_AL2          1,693 of 1,693 loci usable (typed-n there: mean 19.5, min 10, max 20)
    Dry_Creek              1,692 of 1,693 loci usable (typed-n there: mean 19.6, min 8, max 20)
    Pidgeon_River          1,693 of 1,693 loci usable (typed-n there: mean 16.3, min 2, max 17)
    Sequatchie_OldYork     1,693 of 1,693 loci usable (typed-n there: mean 19.4, min 2, max 20)
    Sequatchie_Inman       1,693 of 1,693 loci usable (typed-n there: mean 19.3, min 5, max 20)
    FlintRiver_HWY61       1,693 of 1,693 loci usable (typed-n there: mean 19.4, min 9, max 20)
    BentCreek              1,693 of 1,693 loci usable (typed-n there: mean 19.4, min 5, max 20)
    SpringCreek            1,693 of 1,693 loci usable (typed-n there: mean 19.4, min 14, max 20)
Engine: hierfstat::basic.stats()
Rarefying to g = 28 gene copies (smallest population has 34)
  cross-check vs hierfstat::allelic.richness(): max diff 0.00e+00
  2 locus-by-population cells have no defined Ho/Hs and are excluded from that population's means (not counted as zero).
Bootstrapping 10,000 replicates over 1,693 RAD loci ...

=====================================================================
  DIVERSITY -- 11 populations, 1,693 records on 1,693 RAD loci
  He = Nei & Chesser (1983) Hs, the hierfstat quantity
  FIS = 1 - sum(Ho)/sum(Hs), a ratio of sums, monomorphic loci included
  Ar / private Ar rarefied to 28 GENE COPIES (Kalinowski 2004)
  18,621 of 18,623 locus-by-population cells meet min_n = 2 (100.0%)
  Each population's Ho/He/Fis is a ratio of sums over whichever loci it
    cleared min_n at -- see the per-population lines printed above.
  95% CI from 10,000 replicates resampling RAD LOCI
=====================================================================

            population  n     Ho     He     Fis  Fis_lo  Fis_hi pct_poly
          LookoutCreek 20 0.1000 0.0829 -0.2060 -0.2412 -0.1711     33.3
 FlintRiver_RylandPike 20 0.1580 0.1347 -0.1726 -0.2012 -0.1444     43.6
     Sequatchie_Teague 20 0.1376 0.1273 -0.0802 -0.1067 -0.0534     47.4
         PaintRock_AL2 20 0.1567 0.1201 -0.3053 -0.3318 -0.2783     42.5
             Dry_Creek 20 0.0749 0.0578 -0.2966 -0.3370 -0.2556     24.2
         Pidgeon_River 17 0.1531 0.1341 -0.1422 -0.1667 -0.1178     47.0
    Sequatchie_OldYork 20 0.1427 0.1241 -0.1500 -0.1708 -0.1283     47.7
      Sequatchie_Inman 20 0.1678 0.1574 -0.0656 -0.0879 -0.0437     56.6
      FlintRiver_HWY61 20 0.1869 0.1507 -0.2398 -0.2632 -0.2159     50.4
             BentCreek 20 0.1514 0.1146 -0.3207 -0.3480 -0.2937     40.0
           SpringCreek 20 0.1421 0.1137 -0.2497 -0.2780 -0.2208     42.4

            population     Ar Ar_n  Ar_lo  Ar_hi privAr privAr_n privAr_lo privAr_hi priv_total
          LookoutCreek 1.3165 1691 1.2943 1.3385 0.0070     1686    0.0037    0.0110       11.8
 FlintRiver_RylandPike 1.4346 1691 1.4098 1.4596 0.0082     1686    0.0046    0.0123       13.8
     Sequatchie_Teague 1.4769 1692 1.4509 1.5026 0.0004     1686    0.0001    0.0008        0.6
         PaintRock_AL2 1.4263 1692 1.4017 1.4514 0.0339     1686    0.0257    0.0424       57.1
             Dry_Creek 1.2291 1690 1.2096 1.2491 0.0037     1686    0.0015    0.0065        6.3
         Pidgeon_River 1.4779 1689 1.4525 1.5035 0.0341     1686    0.0261    0.0426       57.4
    Sequatchie_OldYork 1.4731 1692 1.4477 1.4978 0.0039     1686    0.0016    0.0068        6.6
      Sequatchie_Inman 1.5806 1690 1.5546 1.6067 0.0079     1686    0.0043    0.0118       13.3
      FlintRiver_HWY61 1.5086 1692 1.4834 1.5342 0.0110     1686    0.0069    0.0158       18.6
             BentCreek 1.3912 1692 1.3674 1.4146 0.0539     1686    0.0436    0.0650       90.9
           SpringCreek 1.4145 1693 1.3905 1.4387 0.0688     1686    0.0566    0.0818      116.0
  Ar_n / privAr_n: how many of the 1,693 loci had a defined value for that population
  (Ar needs only THAT population at >= g gene copies; privAr needs EVERY
  population at >= g simultaneously, so privAr_n <= Ar_n, often far less
  under available data -- see MINIMAL_WORKFLOW.md if privAr_n is small).
  Ar and privAr are PER LOCUS (the HP-RARE / ADZE convention);
  priv_total is the dataset-wide sum over privAr_n loci. Private = absent from all 10 others,
  so it is not comparable to a dataset with a different number of populations.
  NOTE: Ar is capped at 2 because these are biallelic SNPs, so rarefaction
  has almost nothing to correct. Run this on the HAPLOTYPE VCF for a
  richness worth reporting; private allelic richness is still informative.

Two estimators of the same parameter (gene diversity per variant record)
  He_NeiChesser  (n/(n-1))(1 - sum p^2 - Ho/2n)   unbiased at any FIS
  He_2n_corr     (2n/(2n-1))(1 - sum p^2)         unbiased only if FIS = 0
                 -- this is the estimator behind Stacks' `Pi` column.
            population He_NeiChesser He_2n_corr pct_diff Fis_NeiChesser Fis_2n_corr
          LookoutCreek        0.0829     0.0834   +0.58%        -0.2060     -0.1991
 FlintRiver_RylandPike        0.1347     0.1353   +0.48%        -0.1726     -0.1671
     Sequatchie_Teague        0.1273     0.1277   +0.25%        -0.0802     -0.0775
         PaintRock_AL2        0.1201     0.1211   +0.83%        -0.3053     -0.2945
             Dry_Creek        0.0578     0.0582   +0.83%        -0.2966     -0.2860
         Pidgeon_River        0.1341     0.1348   +0.52%        -0.1422     -0.1363
    Sequatchie_OldYork        0.1241     0.1246   +0.41%        -0.1500     -0.1453
      Sequatchie_Inman        0.1574     0.1577   +0.17%        -0.0656     -0.0638
      FlintRiver_HWY61        0.1507     0.1517   +0.66%        -0.2398     -0.2317
             BentCreek        0.1146     0.1156   +0.88%        -0.3207     -0.3092
           SpringCreek        0.1137     0.1145   +0.67%        -0.2497     -0.2413
  He barely moves; FIS moves ~(1-F)/F times as much, because FIS divides by
  the small quantity the two estimators disagree about. So Stacks' Pi is safe
  to quote and its Fis is not (and its Fis carries a second, larger error:
  it is a mean of per-locus ratios).
  Compare against `Pi`, never `Exp_Het`: Pi = Exp_Het * 2n/(2n-1) = x1.026 at n=20, x1.026 at n=20, x1.026 at n=20, x1.026 at n=20, x1.026 at n=20, x1.030 at n=17, x1.026 at n=20, x1.026 at n=20, x1.026 at n=20, x1.026 at n=20, x1.026 at n=20.
  -> MINIMAL_WORKFLOW.md, "Formulas, and what maps onto what in Stacks"

What the Ho and He numbers are
  Per ASCERTAINED record: the denominator is however many markers this run
  called. Valid for comparing these populations to each other and nothing
  else. Pass `sites` (the `Sites` column of the All-positions block of
  populations.sumstats_summary.tsv) to get the autosomal value.
  -> MINIMAL_WORKFLOW.md, "Denominators, and where nucleotide diversity fits"

---------------------------------------------------------------------
  TAKE FROM THIS RUN:  Fis, Ar, privAr.
  NOT Ho / He: haplotype gene diversity has no fixed ceiling, so it moves
  with read length, enzyme and filters and is not comparable across
  studies. Run populations.snps.vcf for those. Fis is a ratio, so the
  scale cancels -- which is why it belongs here.
  
  Fis is comparable between the two files; Ho and He are NOT (haplotype Ho
  asks 'is this tag heterozygous', per-site Ho asks 'is this site'). Label
  every table row with the file it came from.
  
  He and Ho above are averaged over ALL retained records including those
  monomorphic within a population -- the POOLED denominator, matching
  Stacks' Variant-positions block. Report pct_poly beside them:
      He(pooled) = He(polymorphic within pop) x pct_poly/100   (exactly)
  Do not switch to the within-population denominator; it conditions on the
  outcome and can reverse a real difference.
  -> MINIMAL_WORKFLOW.md, "Which file for which statistic"
---------------------------------------------------------------------

Weir & Cockerham via hierfstat::wc():  FST 0.4966   FIS -0.1935
  wc()'s FIS is the metapopulation value across all populations; the
  per-population column above is the one to report per population.

hierfstat::basic.stats() overall
     Ho      Hs      Ht     Dst     Htp    Dstp     Fst    Fstp     Fis    Dest 
 0.1429  0.1197  0.2258  0.1060  0.2364  0.1166  0.4696  0.4934 -0.1931  0.1325 

Wrote diversity_per_population.haps.tsv and diversity_richness.haps.tsv

