Reading /fs/project/whelan.105/virgata/virgata-assembly/post-submission-filtering-tests/virgata_m3M3n3_r80p11_maf025_gt6/populations.snps.vcf ...
  556 records share a locus ID with another (1,693 distinct loci) -- expected for a SNP VCF, NOT for a haps VCF
  2,249 loci, 217 samples
  haplotypes per locus: median 2, max 2; 0.0% of loci are multi-allelic (>2)
  missing genotype rate: 2.88%
  populations: LookoutCreek (n=20), FlintRiver_RylandPike (n=20), Sequatchie_Teague (n=20), PaintRock_AL2 (n=20), Dry_Creek (n=20), Pidgeon_River (n=17), Sequatchie_OldYork (n=20), Sequatchie_Inman (n=20), FlintRiver_HWY61 (n=20), BentCreek (n=20), SpringCreek (n=20)
Loci genotyped in >= 90% of individuals (pooled): 2,222 of 2,249

=====================================================================
  HETEROZYGOSITY BETWEEN POPULATIONS -- individual as the unit
  2,222 loci pass the pooled filter (used for the
  individual-level table and confound check below); 217 individuals, 11 populations
=====================================================================

Per-population summary of individual heterozygosity
  (each population's OWN locus set -- loci at >= 90% call rate WITHIN that population; see 'n_loci'. This can differ from
   a specific pair's test below, which uses only loci BOTH members of
   that pair clear -- that is expected, not an inconsistency.)
            population  n n_loci mean_het     sd     se    min    max
          LookoutCreek 20   2098   0.0728 0.0196 0.0044 0.0466 0.1328
 FlintRiver_RylandPike 20   2050   0.1161 0.0177 0.0040 0.0976 0.1707
     Sequatchie_Teague 20   2126   0.1042 0.0211 0.0047 0.0673 0.1382
         PaintRock_AL2 20   2130   0.1172 0.0175 0.0039 0.0905 0.1436
             Dry_Creek 20   2162   0.0539 0.0147 0.0033 0.0366 0.0878
         Pidgeon_River 17   1851   0.1146 0.0234 0.0057 0.0844 0.1635
    Sequatchie_OldYork 20   2108   0.1088 0.0212 0.0047 0.0740 0.1723
      Sequatchie_Inman 20   2056   0.1236 0.0216 0.0048 0.0843 0.1673
      FlintRiver_HWY61 20   2096   0.1389 0.0162 0.0036 0.1183 0.1720
             BentCreek 20   2142   0.1144 0.0303 0.0068 0.0809 0.1861
           SpringCreek 20   2087   0.1040 0.0266 0.0060 0.0630 0.1741

Missingness confound check
  cor(per-individual call rate, heterozygosity) = -0.401  (p = 9.06e-10, n = 217)
    within LookoutCreek r = -0.361   call rate 0.940-0.982
    within FlintRiver_RylandPike r = -0.001   call rate 0.945-0.985
    within Sequatchie_Teague r = -0.530   call rate 0.959-0.989
    within PaintRock_AL2 r = -0.454   call rate 0.940-0.986
    within Dry_Creek    r = -0.463   call rate 0.970-0.990
    within Pidgeon_River r = -0.754   call rate 0.924-0.983
    within Sequatchie_OldYork r = -0.218   call rate 0.949-0.987
    within Sequatchie_Inman r = -0.479   call rate 0.915-0.988
    within FlintRiver_HWY61 r = -0.454   call rate 0.951-0.982
    within BentCreek    r = -0.701   call rate 0.958-0.982
    within SpringCreek  r = -0.174   call rate 0.933-0.984
  No positive association, so heterozygosity is not tracking coverage.

  'sd' is the spread AMONG INDIVIDUALS. That spread, divided by sqrt(n), is
  the real uncertainty in a population mean -- and it does not shrink at all
  as you add loci, which is why locus-based tests can be invalid here.

Overdispersion check -- does the locus bootstrap fail on THIS dataset?
  (each population's own locus set, as in the summary above)
            population  n  obs_sd binomial_sd overdispersion SE_understated_by
          LookoutCreek 20 0.01958     0.00423           21.4              4.6x
 FlintRiver_RylandPike 20 0.01768     0.00527           11.3              3.4x
     Sequatchie_Teague 20 0.02110     0.00528           16.0                4x
         PaintRock_AL2 20 0.01753     0.00495           12.6              3.5x
             Dry_Creek 20 0.01466     0.00342           18.3              4.3x
         Pidgeon_River 17 0.02340     0.00566           17.1              4.1x
    Sequatchie_OldYork 20 0.02116     0.00532           15.8                4x
      Sequatchie_Inman 20 0.02164     0.00591           13.4              3.7x
      FlintRiver_HWY61 20 0.01618     0.00555            8.5              2.9x
             BentCreek 20 0.03030     0.00480           39.9              6.3x
           SpringCreek 20 0.02662     0.00483           30.3              5.5x

  Overdispersion is LARGE. Individuals differ far more than coin-flip noise,
  so a locus bootstrap would understate the standard error by the factor in
  the last column and reject far too often. Use the test below, and inspect
  the per-individual table for outliers (a bad library looks like one
  individual with unusually LOW heterozygosity).
  This is the point made by Van Dongen (1995, Heredity 74:445-447): the unit
  of resampling changes what the bootstrap means, and loci are usually the
  wrong unit because they are all measured on the same individuals.

Pairwise tests -- 55 comparisons. Welch's t is the primary test;
Wilcoxon is the distribution-free check. 'diff' and its CI are from Welch.
p_*_BH are Benjamini-Hochberg adjusted across all 55 comparisons.
  (25 most significant pairs; full table written to file)
                  pop1                  pop2 n_loci n1  mean1 n2  mean2    diff
             Dry_Creek      FlintRiver_HWY61   2017 20 0.0562 20 0.1392 -0.0830
         PaintRock_AL2             Dry_Creek   2051 20 0.1173 20 0.0516  0.0657
 FlintRiver_RylandPike             Dry_Creek   1980 20 0.1163 20 0.0551  0.0612
          LookoutCreek      FlintRiver_HWY61   1963 20 0.0723 20 0.1361 -0.0638
             Dry_Creek      Sequatchie_Inman   1977 20 0.0562 20 0.1231 -0.0670
             Dry_Creek    Sequatchie_OldYork   2032 20 0.0554 20 0.1092 -0.0538
     Sequatchie_Teague             Dry_Creek   2048 20 0.1034 20 0.0550  0.0484
             Dry_Creek         Pidgeon_River   1791 20 0.0542 17 0.1148 -0.0606
          LookoutCreek         PaintRock_AL2   1987 20 0.0704 20 0.1170 -0.0467
          LookoutCreek      Sequatchie_Inman   1928 20 0.0723 20 0.1237 -0.0515
             Dry_Creek             BentCreek   2064 20 0.0554 20 0.1124 -0.0570
             Dry_Creek           SpringCreek   2008 20 0.0555 20 0.1047 -0.0492
          LookoutCreek FlintRiver_RylandPike   1942 20 0.0705 20 0.1091 -0.0386
          LookoutCreek    Sequatchie_OldYork   1976 20 0.0695 20 0.1097 -0.0402
          LookoutCreek         Pidgeon_River   1738 20 0.0694 17 0.1147 -0.0454
     Sequatchie_Teague      FlintRiver_HWY61   1988 20 0.1052 20 0.1407 -0.0355
          LookoutCreek             BentCreek   2003 20 0.0721 20 0.1152 -0.0431
          LookoutCreek     Sequatchie_Teague   1987 20 0.0727 20 0.1053 -0.0325
    Sequatchie_OldYork      FlintRiver_HWY61   1977 20 0.1098 20 0.1381 -0.0284
      FlintRiver_HWY61           SpringCreek   1971 20 0.1368 20 0.1037  0.0331
          LookoutCreek           SpringCreek   1953 20 0.0724 20 0.1063 -0.0339
         PaintRock_AL2      FlintRiver_HWY61   1991 20 0.1175 20 0.1418 -0.0243
 FlintRiver_RylandPike      FlintRiver_HWY61   1925 20 0.1117 20 0.1346 -0.0229
         Pidgeon_River      FlintRiver_HWY61   1743 17 0.1169 20 0.1438 -0.0270
      FlintRiver_HWY61             BentCreek   2018 20 0.1381 20 0.1121  0.0260
   ci_lo   ci_hi  p_welch p_wilcox hedges_g p_welch_BH p_wilcox_BH
 -0.0932 -0.0729 5.49e-19 1.45e-11    -5.14   3.02e-17    2.66e-10
  0.0553  0.0761 4.29e-15 1.45e-11     3.97   1.18e-13    2.66e-10
  0.0506  0.0717 5.49e-14 1.45e-11     3.64   1.01e-12    2.66e-10
 -0.0754 -0.0523 2.69e-13 2.02e-09    -3.48   3.70e-12    1.39e-08
 -0.0790 -0.0549 4.05e-13 5.80e-11    -3.50   4.46e-12    7.98e-10
 -0.0657 -0.0418 9.46e-11 4.35e-10    -2.84   8.67e-10    4.61e-09
  0.0368  0.0599 5.64e-10 3.93e-07     2.64   4.43e-09    1.49e-06
 -0.0740 -0.0473 8.78e-10 5.03e-10    -3.13   6.04e-09    4.61e-09
 -0.0586 -0.0348 1.38e-09 2.32e-08    -2.47   7.60e-09    1.27e-07
 -0.0646 -0.0384 1.25e-09 3.94e-08    -2.48   7.60e-09    1.97e-07
 -0.0724 -0.0416 3.10e-08 2.02e-09    -2.34   1.55e-07    1.39e-08
 -0.0632 -0.0352 5.12e-08 1.76e-08    -2.22   2.35e-07    1.07e-07
 -0.0502 -0.0270 5.66e-08 1.80e-06    -2.09   2.40e-07    6.19e-06
 -0.0532 -0.0272 2.49e-07 1.69e-07    -1.94   9.79e-07    7.74e-07
 -0.0597 -0.0310 3.18e-07 2.01e-07    -2.10   1.17e-06    8.49e-07
 -0.0475 -0.0235 6.91e-07 2.00e-06    -1.86   2.38e-06    6.46e-06
 -0.0596 -0.0266 7.54e-06 4.07e-07    -1.65   2.44e-05    1.49e-06
 -0.0453 -0.0197 8.51e-06 5.83e-06    -1.59   2.60e-05    1.69e-05
 -0.0403 -0.0164 2.67e-05 4.12e-06    -1.49   7.73e-05    1.26e-05
  0.0188  0.0474 4.62e-05 1.79e-04     1.46   1.27e-04    4.48e-04
 -0.0491 -0.0187 6.42e-05 2.14e-05    -1.40   1.68e-04    5.88e-05
 -0.0354 -0.0131 8.39e-05 2.01e-04    -1.37   2.10e-04    4.80e-04
 -0.0339 -0.0118 1.59e-04 6.91e-05    -1.30   3.79e-04    1.81e-04
 -0.0407 -0.0132 4.10e-04 2.56e-04    -1.34   9.39e-04    5.88e-04
  0.0105  0.0414 1.81e-03 4.72e-04     1.06   3.99e-03    1.04e-03

  pairs significant at BH < 0.05: Welch 30, Wilcoxon 30, of 55
  Hedges' g is the standardised difference: ~0.2 small, ~0.5 medium, ~0.8 large.

Interpretation notes
  * Power is limited by the NUMBER OF INDIVIDUALS, not the number of loci.
    Simulation at n = 15 vs 10 with realistic individual variation gave 52%
    power for a moderate difference, so a non-significant result here is
    weak evidence of no difference, not evidence of no difference.
  * If some individuals are relatives, they are not independent units and
    even this test is anti-conservative. Check relatedness first.
  * A single poor-quality library shows up as one individual with unusually
    LOW heterozygosity. Inspect the per-individual table before trusting a
    result, especially at small n where one outlier can drive it.

Wrote individual_heterozygosity.tsv and het_between_pops_tests.tsv to het_out

