Reading /fs/project/whelan.105/virgata/virgata-assembly/post-submission-filtering-tests/virgata_m3M3n3_r80p11_maf025_gt10/populations.snps.vcf ...
  415 records share a locus ID with another (1,303 distinct loci) -- expected for a SNP VCF, NOT for a haps VCF
  1,718 loci, 217 samples
  haplotypes per locus: median 2, max 2; 0.0% of loci are multi-allelic (>2)
  missing genotype rate: 2.62%
  populations: LookoutCreek (n=20), FlintRiver_RylandPike (n=20), Sequatchie_Teague (n=20), PaintRock_AL2 (n=20), Dry_Creek (n=20), Pidgeon_River (n=17), Sequatchie_OldYork (n=20), Sequatchie_Inman (n=20), FlintRiver_HWY61 (n=20), BentCreek (n=20), SpringCreek (n=20)
  record type: SNP (one site per record)
  1,718 records on 1,303 RAD loci (1.32 per locus)
Available-data mode (min_n = 2): 1,718 of 1,718 records usable by >= 1 population
  18,898 of 18,898 locus-by-population cells meet min_n (100.0%)
    LookoutCreek           1,718 of 1,718 loci usable (typed-n there: mean 19.4, min 16, max 20)
    FlintRiver_RylandPike  1,718 of 1,718 loci usable (typed-n there: mean 19.3, min 16, max 20)
    Sequatchie_Teague      1,718 of 1,718 loci usable (typed-n there: mean 19.5, min 16, max 20)
    PaintRock_AL2          1,718 of 1,718 loci usable (typed-n there: mean 19.5, min 16, max 20)
    Dry_Creek              1,718 of 1,718 loci usable (typed-n there: mean 19.7, min 16, max 20)
    Pidgeon_River          1,718 of 1,718 loci usable (typed-n there: mean 16.4, min 14, max 17)
    Sequatchie_OldYork     1,718 of 1,718 loci usable (typed-n there: mean 19.6, min 16, max 20)
    Sequatchie_Inman       1,718 of 1,718 loci usable (typed-n there: mean 19.4, min 16, max 20)
    FlintRiver_HWY61       1,718 of 1,718 loci usable (typed-n there: mean 19.5, min 16, max 20)
    BentCreek              1,718 of 1,718 loci usable (typed-n there: mean 19.5, min 16, max 20)
    SpringCreek            1,718 of 1,718 loci usable (typed-n there: mean 19.5, min 16, max 20)
Engine: hierfstat::basic.stats()
Rarefying to g = 28 gene copies (smallest population has 34)
  cross-check vs hierfstat::allelic.richness(): max diff 0.00e+00
Bootstrapping 10,000 replicates over 1,303 RAD loci ...

=====================================================================
  DIVERSITY -- 11 populations, 1,718 records on 1,303 RAD loci
  He = Nei & Chesser (1983) Hs, the hierfstat quantity
  FIS = 1 - sum(Ho)/sum(Hs), a ratio of sums, monomorphic loci included
  Ar / private Ar rarefied to 28 GENE COPIES (Kalinowski 2004)
  18,898 of 18,898 locus-by-population cells meet min_n = 2 (100.0%)
  Each population's Ho/He/Fis is a ratio of sums over whichever loci it
    cleared min_n at -- see the per-population lines printed above.
  95% CI from 10,000 replicates resampling RAD LOCI
=====================================================================

            population  n     Ho     He     Fis  Fis_lo  Fis_hi pct_poly
          LookoutCreek 20 0.0716 0.0621 -0.1534 -0.1945 -0.1120     26.0
 FlintRiver_RylandPike 20 0.1183 0.1035 -0.1432 -0.1753 -0.1112     34.8
     Sequatchie_Teague 20 0.1098 0.1026 -0.0705 -0.1005 -0.0400     38.3
         PaintRock_AL2 20 0.1242 0.0968 -0.2828 -0.3118 -0.2533     35.8
             Dry_Creek 20 0.0605 0.0472 -0.2830 -0.3401 -0.2250     19.8
         Pidgeon_River 17 0.1221 0.1082 -0.1284 -0.1560 -0.1009     38.6
    Sequatchie_OldYork 20 0.1125 0.0974 -0.1551 -0.1823 -0.1281     37.1
      Sequatchie_Inman 20 0.1295 0.1243 -0.0414 -0.0688 -0.0144     46.4
      FlintRiver_HWY61 20 0.1470 0.1209 -0.2163 -0.2447 -0.1879     40.9
             BentCreek 20 0.1211 0.0926 -0.3078 -0.3412 -0.2751     32.8
           SpringCreek 20 0.1112 0.0882 -0.2614 -0.2937 -0.2274     33.5

            population     Ar Ar_n  Ar_lo  Ar_hi privAr privAr_n privAr_lo privAr_hi priv_total
          LookoutCreek 1.2400 1718 1.2201 1.2605 0.0032     1718    0.0011    0.0059        5.5
 FlintRiver_RylandPike 1.3311 1718 1.3091 1.3538 0.0029     1718    0.0005    0.0062        4.9
     Sequatchie_Teague 1.3625 1718 1.3404 1.3847 0.0001     1718    0.0000    0.0002        0.1
         PaintRock_AL2 1.3355 1718 1.3133 1.3584 0.0230     1718    0.0166    0.0301       39.5
             Dry_Creek 1.1826 1718 1.1649 1.2010 0.0012     1718    0.0001    0.0028        2.1
         Pidgeon_River 1.3749 1718 1.3520 1.3984 0.0231     1718    0.0166    0.0302       39.7
    Sequatchie_OldYork 1.3473 1718 1.3263 1.3693 0.0008     1718    0.0001    0.0020        1.3
      Sequatchie_Inman 1.4371 1718 1.4152 1.4599 0.0031     1718    0.0010    0.0057        5.3
      FlintRiver_HWY61 1.3890 1718 1.3665 1.4122 0.0072     1718    0.0036    0.0115       12.4
             BentCreek 1.3079 1718 1.2867 1.3299 0.0475     1718    0.0375    0.0582       81.6
           SpringCreek 1.3118 1718 1.2906 1.3335 0.0532     1718    0.0427    0.0642       91.3
  Ar_n / privAr_n: how many of the 1,718 loci had a defined value for that population
  (Ar needs only THAT population at >= g gene copies; privAr needs EVERY
  population at >= g simultaneously, so privAr_n <= Ar_n, often far less
  under available data -- see MINIMAL_WORKFLOW.md if privAr_n is small).
  Ar and privAr are PER LOCUS (the HP-RARE / ADZE convention);
  priv_total is the dataset-wide sum over privAr_n loci. Private = absent from all 10 others,
  so it is not comparable to a dataset with a different number of populations.
  NOTE: Ar is capped at 2 because these are biallelic SNPs, so rarefaction
  has almost nothing to correct. Run this on the HAPLOTYPE VCF for a
  richness worth reporting; private allelic richness is still informative.

Two estimators of the same parameter (gene diversity per variant record)
  He_NeiChesser  (n/(n-1))(1 - sum p^2 - Ho/2n)   unbiased at any FIS
  He_2n_corr     (2n/(2n-1))(1 - sum p^2)         unbiased only if FIS = 0
                 -- this is the estimator behind Stacks' `Pi` column.
            population He_NeiChesser He_2n_corr pct_diff Fis_NeiChesser Fis_2n_corr
          LookoutCreek        0.0621     0.0624   +0.41%        -0.1534     -0.1487
 FlintRiver_RylandPike        0.1035     0.1039   +0.39%        -0.1432     -0.1388
     Sequatchie_Teague        0.1026     0.1028   +0.19%        -0.0705     -0.0685
         PaintRock_AL2        0.0968     0.0975   +0.76%        -0.2828     -0.2730
             Dry_Creek        0.0472     0.0475   +0.77%        -0.2830     -0.2733
         Pidgeon_River        0.1082     0.1086   +0.41%        -0.1284     -0.1239
    Sequatchie_OldYork        0.0974     0.0978   +0.41%        -0.1551     -0.1504
      Sequatchie_Inman        0.1243     0.1244   +0.11%        -0.0414     -0.0403
      FlintRiver_HWY61        0.1209     0.1216   +0.58%        -0.2163     -0.2093
             BentCreek        0.0926     0.0934   +0.83%        -0.3078     -0.2970
           SpringCreek        0.0882     0.0888   +0.70%        -0.2614     -0.2526
  He barely moves; FIS moves ~(1-F)/F times as much, because FIS divides by
  the small quantity the two estimators disagree about. So Stacks' Pi is safe
  to quote and its Fis is not (and its Fis carries a second, larger error:
  it is a mean of per-locus ratios).
  Compare against `Pi`, never `Exp_Het`: Pi = Exp_Het * 2n/(2n-1) = x1.026 at n=20, x1.026 at n=20, x1.026 at n=20, x1.026 at n=20, x1.026 at n=20, x1.030 at n=17, x1.026 at n=20, x1.026 at n=20, x1.026 at n=20, x1.026 at n=20, x1.026 at n=20.
  -> MINIMAL_WORKFLOW.md, "Formulas, and what maps onto what in Stacks"

What the Ho and He numbers are
  Scaled to 222,142 sequenced sites via all 1,718 variant records (0.773% variant);
  He estimated using 1,718 of 1,718 records (100.0% of them, available-data, min_n = 2).
            population Ho_autosomal He_autosomal
          LookoutCreek    0.0005539    0.0004802
 FlintRiver_RylandPike    0.0009151    0.0008005
     Sequatchie_Teague    0.0008492    0.0007932
         PaintRock_AL2    0.0009602    0.0007486
             Dry_Creek    0.0004679    0.0003647
         Pidgeon_River    0.0009440    0.0008366
    Sequatchie_OldYork    0.0008704    0.0007535
      Sequatchie_Inman    0.0010010    0.0009613
      FlintRiver_HWY61    0.0011370    0.0009347
             BentCreek    0.0009367    0.0007162
           SpringCreek    0.0008601    0.0006819
  He_autosomal is the SAME per-site quantity as He above, averaged over every
  sequenced site instead of over variant records. That denominator is what
  makes it nucleotide diversity (pi). There is no column named `pi`.
  Compare against Stacks' `Pi` from the All-positions block -- not the
  variant-positions block, and not `Exp_Het` (Schmidt et al. 2021).
  -> MINIMAL_WORKFLOW.md, "Formulas, and what maps onto what in Stacks"

---------------------------------------------------------------------
  TAKE FROM THIS RUN:  Ho, He, pct_poly, Ho_autosomal, He_autosomal.
  Run populations.haps.vcf for Fis, Ar and privAr: on biallelic SNPs
  rarefied richness is bounded at 2, and Fis is more precise from
  multi-allelic loci.
  
  Fis is comparable between the two files; Ho and He are NOT (haplotype Ho
  asks 'is this tag heterozygous', per-site Ho asks 'is this site'). Label
  every table row with the file it came from.
  
  He and Ho above are averaged over ALL retained records including those
  monomorphic within a population -- the POOLED denominator, matching
  Stacks' Variant-positions block. Report pct_poly beside them:
      He(pooled) = He(polymorphic within pop) x pct_poly/100   (exactly)
  Do not switch to the within-population denominator; it conditions on the
  outcome and can reverse a real difference.
  -> MINIMAL_WORKFLOW.md, "Which file for which statistic"
---------------------------------------------------------------------

Weir & Cockerham via hierfstat::wc():  FST 0.5275   FIS -0.1775
  wc()'s FIS is the metapopulation value across all populations; the
  per-population column above is the one to report per population.

hierfstat::basic.stats() overall
     Ho      Hs      Ht     Dst     Htp    Dstp     Fst    Fstp     Fis    Dest 
 0.1116  0.0948  0.1900  0.0952  0.1995  0.1047  0.5009  0.5247 -0.1770  0.1157 

Wrote diversity_per_population.snps.tsv and diversity_richness.snps.tsv

