Reading /fs/project/whelan.105/virgata/virgata-assembly/post-submission-filtering-tests/virgata_m3M3n3_r80p11_maf025_gt10/populations.haps.vcf ...
  1,303 loci, 217 samples
  haplotypes per locus: median 2, max 6; 23.9% of loci are multi-allelic (>2)
  missing genotype rate: 2.77%
  populations: LookoutCreek (n=20), FlintRiver_RylandPike (n=20), Sequatchie_Teague (n=20), PaintRock_AL2 (n=20), Dry_Creek (n=20), Pidgeon_River (n=17), Sequatchie_OldYork (n=20), Sequatchie_Inman (n=20), FlintRiver_HWY61 (n=20), BentCreek (n=20), SpringCreek (n=20)
  record type: HAPLOTYPE (one multi-allelic locus per RAD tag)
  1,303 records on 1,303 RAD loci (1.00 per locus)
Available-data mode (min_n = 2): 1,303 of 1,303 records usable by >= 1 population
  14,329 of 14,333 locus-by-population cells meet min_n (100.0%)
    LookoutCreek           1,303 of 1,303 loci usable (typed-n there: mean 19.4, min 8, max 20)
    FlintRiver_RylandPike  1,302 of 1,303 loci usable (typed-n there: mean 19.3, min 16, max 20)
    Sequatchie_Teague      1,303 of 1,303 loci usable (typed-n there: mean 19.5, min 2, max 20)
    PaintRock_AL2          1,303 of 1,303 loci usable (typed-n there: mean 19.5, min 10, max 20)
    Dry_Creek              1,302 of 1,303 loci usable (typed-n there: mean 19.6, min 8, max 20)
    Pidgeon_River          1,303 of 1,303 loci usable (typed-n there: mean 16.4, min 2, max 17)
    Sequatchie_OldYork     1,302 of 1,303 loci usable (typed-n there: mean 19.5, min 15, max 20)
    Sequatchie_Inman       1,302 of 1,303 loci usable (typed-n there: mean 19.4, min 10, max 20)
    FlintRiver_HWY61       1,303 of 1,303 loci usable (typed-n there: mean 19.5, min 9, max 20)
    BentCreek              1,303 of 1,303 loci usable (typed-n there: mean 19.5, min 16, max 20)
    SpringCreek            1,303 of 1,303 loci usable (typed-n there: mean 19.4, min 11, max 20)
Engine: hierfstat::basic.stats()
Rarefying to g = 28 gene copies (smallest population has 34)
  cross-check vs hierfstat::allelic.richness(): max diff 0.00e+00
  4 locus-by-population cells have no defined Ho/Hs and are excluded from that population's means (not counted as zero).
Bootstrapping 10,000 replicates over 1,303 RAD loci ...

=====================================================================
  DIVERSITY -- 11 populations, 1,303 records on 1,303 RAD loci
  He = Nei & Chesser (1983) Hs, the hierfstat quantity
  FIS = 1 - sum(Ho)/sum(Hs), a ratio of sums, monomorphic loci included
  Ar / private Ar rarefied to 28 GENE COPIES (Kalinowski 2004)
  14,329 of 14,333 locus-by-population cells meet min_n = 2 (100.0%)
  Each population's Ho/He/Fis is a ratio of sums over whichever loci it
    cleared min_n at -- see the per-population lines printed above.
  95% CI from 10,000 replicates resampling RAD LOCI
=====================================================================

            population  n     Ho     He     Fis  Fis_lo  Fis_hi pct_poly
          LookoutCreek 20 0.0880 0.0756 -0.1640 -0.2046 -0.1243     31.4
 FlintRiver_RylandPike 20 0.1462 0.1278 -0.1444 -0.1753 -0.1140     42.0
     Sequatchie_Teague 20 0.1361 0.1265 -0.0760 -0.1054 -0.0455     44.9
         PaintRock_AL2 20 0.1522 0.1179 -0.2908 -0.3194 -0.2618     42.3
             Dry_Creek 20 0.0734 0.0569 -0.2906 -0.3386 -0.2414     23.7
         Pidgeon_River 17 0.1499 0.1324 -0.1324 -0.1594 -0.1049     46.0
    Sequatchie_OldYork 20 0.1391 0.1203 -0.1557 -0.1806 -0.1314     44.6
      Sequatchie_Inman 20 0.1611 0.1528 -0.0542 -0.0800 -0.0282     54.0
      FlintRiver_HWY61 20 0.1823 0.1486 -0.2267 -0.2537 -0.1998     48.3
             BentCreek 20 0.1451 0.1113 -0.3040 -0.3337 -0.2750     39.2
           SpringCreek 20 0.1385 0.1093 -0.2673 -0.2977 -0.2358     40.6

            population     Ar Ar_n  Ar_lo  Ar_hi privAr privAr_n privAr_lo privAr_hi priv_total
          LookoutCreek 1.2953 1301 1.2712 1.3199 0.0066     1300    0.0030    0.0107        8.6
 FlintRiver_RylandPike 1.4160 1302 1.3886 1.4435 0.0071     1300    0.0032    0.0116        9.2
     Sequatchie_Teague 1.4528 1302 1.4240 1.4815 0.0005     1300    0.0001    0.0010        0.6
         PaintRock_AL2 1.4201 1302 1.3919 1.4488 0.0341     1300    0.0247    0.0441       44.3
             Dry_Creek 1.2242 1301 1.2022 1.2467 0.0025     1300    0.0006    0.0050        3.2
         Pidgeon_River 1.4673 1301 1.4383 1.4969 0.0373     1300    0.0277    0.0476       48.5
    Sequatchie_OldYork 1.4383 1302 1.4109 1.4666 0.0048     1300    0.0017    0.0084        6.3
      Sequatchie_Inman 1.5534 1301 1.5242 1.5833 0.0076     1300    0.0037    0.0122        9.9
      FlintRiver_HWY61 1.4867 1302 1.4582 1.5154 0.0123     1300    0.0072    0.0180       15.9
             BentCreek 1.3836 1303 1.3571 1.4103 0.0625     1300    0.0498    0.0761       81.3
           SpringCreek 1.3949 1302 1.3673 1.4225 0.0770     1300    0.0621    0.0929      100.1
  Ar_n / privAr_n: how many of the 1,303 loci had a defined value for that population
  (Ar needs only THAT population at >= g gene copies; privAr needs EVERY
  population at >= g simultaneously, so privAr_n <= Ar_n, often far less
  under available data -- see MINIMAL_WORKFLOW.md if privAr_n is small).
  Ar and privAr are PER LOCUS (the HP-RARE / ADZE convention);
  priv_total is the dataset-wide sum over privAr_n loci. Private = absent from all 10 others,
  so it is not comparable to a dataset with a different number of populations.
  NOTE: Ar is capped at 2 because these are biallelic SNPs, so rarefaction
  has almost nothing to correct. Run this on the HAPLOTYPE VCF for a
  richness worth reporting; private allelic richness is still informative.

Two estimators of the same parameter (gene diversity per variant record)
  He_NeiChesser  (n/(n-1))(1 - sum p^2 - Ho/2n)   unbiased at any FIS
  He_2n_corr     (2n/(2n-1))(1 - sum p^2)         unbiased only if FIS = 0
                 -- this is the estimator behind Stacks' `Pi` column.
            population He_NeiChesser He_2n_corr pct_diff Fis_NeiChesser Fis_2n_corr
          LookoutCreek        0.0756     0.0759   +0.46%        -0.1640     -0.1588
 FlintRiver_RylandPike        0.1278     0.1283   +0.39%        -0.1444     -0.1399
     Sequatchie_Teague        0.1265     0.1269   +0.30%        -0.0760     -0.0728
         PaintRock_AL2        0.1179     0.1189   +0.79%        -0.2908     -0.2807
             Dry_Creek        0.0569     0.0573   +0.81%        -0.2906     -0.2802
         Pidgeon_River        0.1324     0.1330   +0.51%        -0.1324     -0.1266
    Sequatchie_OldYork        0.1203     0.1208   +0.42%        -0.1557     -0.1509
      Sequatchie_Inman        0.1528     0.1530   +0.15%        -0.0542     -0.0526
      FlintRiver_HWY61        0.1486     0.1495   +0.61%        -0.2267     -0.2192
             BentCreek        0.1113     0.1122   +0.82%        -0.3040     -0.2934
           SpringCreek        0.1093     0.1101   +0.73%        -0.2673     -0.2582
  He barely moves; FIS moves ~(1-F)/F times as much, because FIS divides by
  the small quantity the two estimators disagree about. So Stacks' Pi is safe
  to quote and its Fis is not (and its Fis carries a second, larger error:
  it is a mean of per-locus ratios).
  Compare against `Pi`, never `Exp_Het`: Pi = Exp_Het * 2n/(2n-1) = x1.026 at n=20, x1.026 at n=20, x1.026 at n=20, x1.026 at n=20, x1.026 at n=20, x1.030 at n=17, x1.026 at n=20, x1.026 at n=20, x1.026 at n=20, x1.026 at n=20, x1.026 at n=20.
  -> MINIMAL_WORKFLOW.md, "Formulas, and what maps onto what in Stacks"

What the Ho and He numbers are
  Per ASCERTAINED record: the denominator is however many markers this run
  called. Valid for comparing these populations to each other and nothing
  else. Pass `sites` (the `Sites` column of the All-positions block of
  populations.sumstats_summary.tsv) to get the autosomal value.
  -> MINIMAL_WORKFLOW.md, "Denominators, and where nucleotide diversity fits"

---------------------------------------------------------------------
  TAKE FROM THIS RUN:  Fis, Ar, privAr.
  NOT Ho / He: haplotype gene diversity has no fixed ceiling, so it moves
  with read length, enzyme and filters and is not comparable across
  studies. Run populations.snps.vcf for those. Fis is a ratio, so the
  scale cancels -- which is why it belongs here.
  
  Fis is comparable between the two files; Ho and He are NOT (haplotype Ho
  asks 'is this tag heterozygous', per-site Ho asks 'is this site'). Label
  every table row with the file it came from.
  
  He and Ho above are averaged over ALL retained records including those
  monomorphic within a population -- the POOLED denominator, matching
  Stacks' Variant-positions block. Report pct_poly beside them:
      He(pooled) = He(polymorphic within pop) x pct_poly/100   (exactly)
  Do not switch to the within-population denominator; it conditions on the
  outcome and can reverse a real difference.
  -> MINIMAL_WORKFLOW.md, "Which file for which statistic"
---------------------------------------------------------------------

Weir & Cockerham via hierfstat::wc():  FST 0.5216   FIS -0.1821
  wc()'s FIS is the metapopulation value across all populations; the
  per-population column above is the one to report per population.

hierfstat::basic.stats() overall
     Ho      Hs      Ht     Dst     Htp    Dstp     Fst    Fstp     Fis    Dest 
 0.1375  0.1163  0.2302  0.1139  0.2416  0.1253  0.4947  0.5185 -0.1823  0.1418 

Wrote diversity_per_population.haps.tsv and diversity_richness.haps.tsv

