Reading /fs/project/whelan.105/virgata/virgata-assembly/post-submission-filtering-tests/virgata_m3M3n3_r80p11_maf025_gt10_H/populations.snps.vcf ...
  398 records share a locus ID with another (1,303 distinct loci) -- expected for a SNP VCF, NOT for a haps VCF
  1,701 loci, 217 samples
  haplotypes per locus: median 2, max 2; 0.0% of loci are multi-allelic (>2)
  missing genotype rate: 2.59%
  populations: LookoutCreek (n=20), FlintRiver_RylandPike (n=20), Sequatchie_Teague (n=20), PaintRock_AL2 (n=20), Dry_Creek (n=20), Pidgeon_River (n=17), Sequatchie_OldYork (n=20), Sequatchie_Inman (n=20), FlintRiver_HWY61 (n=20), BentCreek (n=20), SpringCreek (n=20)
  record type: SNP (one site per record)
  1,701 records on 1,303 RAD loci (1.31 per locus)
Available-data mode (min_n = 2): 1,701 of 1,701 records usable by >= 1 population
  18,711 of 18,711 locus-by-population cells meet min_n (100.0%)
    LookoutCreek           1,701 of 1,701 loci usable (typed-n there: mean 19.5, min 16, max 20)
    FlintRiver_RylandPike  1,701 of 1,701 loci usable (typed-n there: mean 19.3, min 16, max 20)
    Sequatchie_Teague      1,701 of 1,701 loci usable (typed-n there: mean 19.5, min 16, max 20)
    PaintRock_AL2          1,701 of 1,701 loci usable (typed-n there: mean 19.5, min 16, max 20)
    Dry_Creek              1,701 of 1,701 loci usable (typed-n there: mean 19.7, min 16, max 20)
    Pidgeon_River          1,701 of 1,701 loci usable (typed-n there: mean 16.4, min 14, max 17)
    Sequatchie_OldYork     1,701 of 1,701 loci usable (typed-n there: mean 19.6, min 16, max 20)
    Sequatchie_Inman       1,701 of 1,701 loci usable (typed-n there: mean 19.4, min 16, max 20)
    FlintRiver_HWY61       1,701 of 1,701 loci usable (typed-n there: mean 19.5, min 16, max 20)
    BentCreek              1,701 of 1,701 loci usable (typed-n there: mean 19.5, min 16, max 20)
    SpringCreek            1,701 of 1,701 loci usable (typed-n there: mean 19.5, min 16, max 20)
Engine: hierfstat::basic.stats()
Rarefying to g = 28 gene copies (smallest population has 34)
  cross-check vs hierfstat::allelic.richness(): max diff 0.00e+00
Bootstrapping 10,000 replicates over 1,303 RAD loci ...

=====================================================================
  DIVERSITY -- 11 populations, 1,701 records on 1,303 RAD loci
  He = Nei & Chesser (1983) Hs, the hierfstat quantity
  FIS = 1 - sum(Ho)/sum(Hs), a ratio of sums, monomorphic loci included
  Ar / private Ar rarefied to 28 GENE COPIES (Kalinowski 2004)
  18,711 of 18,711 locus-by-population cells meet min_n = 2 (100.0%)
  Each population's Ho/He/Fis is a ratio of sums over whichever loci it
    cleared min_n at -- see the per-population lines printed above.
  95% CI from 10,000 replicates resampling RAD LOCI
=====================================================================

            population  n     Ho     He     Fis  Fis_lo  Fis_hi pct_poly
          LookoutCreek 20 0.0720 0.0624 -0.1540 -0.1951 -0.1124     25.9
 FlintRiver_RylandPike 20 0.1186 0.1036 -0.1445 -0.1767 -0.1121     34.9
     Sequatchie_Teague 20 0.1090 0.1019 -0.0705 -0.1011 -0.0395     38.1
         PaintRock_AL2 20 0.1239 0.0967 -0.2811 -0.3096 -0.2517     35.6
             Dry_Creek 20 0.0604 0.0470 -0.2835 -0.3412 -0.2247     19.6
         Pidgeon_River 17 0.1214 0.1075 -0.1289 -0.1567 -0.1008     38.4
    Sequatchie_OldYork 20 0.1108 0.0961 -0.1540 -0.1813 -0.1272     36.8
      Sequatchie_Inman 20 0.1282 0.1233 -0.0405 -0.0678 -0.0131     46.1
      FlintRiver_HWY61 20 0.1475 0.1210 -0.2191 -0.2478 -0.1902     40.9
             BentCreek 20 0.1216 0.0930 -0.3070 -0.3403 -0.2744     32.9
           SpringCreek 20 0.1108 0.0879 -0.2607 -0.2934 -0.2265     33.5

            population     Ar Ar_n  Ar_lo  Ar_hi privAr privAr_n privAr_lo privAr_hi priv_total
          LookoutCreek 1.2394 1701 1.2195 1.2599 0.0032     1701    0.0011    0.0060        5.5
 FlintRiver_RylandPike 1.3321 1701 1.3100 1.3550 0.0029     1701    0.0005    0.0062        4.9
     Sequatchie_Teague 1.3603 1701 1.3382 1.3829 0.0001     1701    0.0000    0.0002        0.1
         PaintRock_AL2 1.3341 1701 1.3117 1.3572 0.0232     1701    0.0167    0.0304       39.5
             Dry_Creek 1.1808 1701 1.1631 1.1991 0.0012     1701    0.0001    0.0028        2.1
         Pidgeon_River 1.3730 1701 1.3499 1.3964 0.0234     1701    0.0168    0.0305       39.7
    Sequatchie_OldYork 1.3439 1701 1.3228 1.3658 0.0008     1701    0.0001    0.0020        1.3
      Sequatchie_Inman 1.4347 1701 1.4125 1.4573 0.0031     1701    0.0010    0.0057        5.3
      FlintRiver_HWY61 1.3890 1701 1.3663 1.4121 0.0073     1701    0.0036    0.0116       12.4
             BentCreek 1.3087 1701 1.2874 1.3310 0.0480     1701    0.0379    0.0588       81.6
           SpringCreek 1.3110 1701 1.2899 1.3327 0.0531     1701    0.0425    0.0641       90.3
  Ar_n / privAr_n: how many of the 1,701 loci had a defined value for that population
  (Ar needs only THAT population at >= g gene copies; privAr needs EVERY
  population at >= g simultaneously, so privAr_n <= Ar_n, often far less
  under available data -- see MINIMAL_WORKFLOW.md if privAr_n is small).
  Ar and privAr are PER LOCUS (the HP-RARE / ADZE convention);
  priv_total is the dataset-wide sum over privAr_n loci. Private = absent from all 10 others,
  so it is not comparable to a dataset with a different number of populations.
  NOTE: Ar is capped at 2 because these are biallelic SNPs, so rarefaction
  has almost nothing to correct. Run this on the HAPLOTYPE VCF for a
  richness worth reporting; private allelic richness is still informative.

Two estimators of the same parameter (gene diversity per variant record)
  He_NeiChesser  (n/(n-1))(1 - sum p^2 - Ho/2n)   unbiased at any FIS
  He_2n_corr     (2n/(2n-1))(1 - sum p^2)         unbiased only if FIS = 0
                 -- this is the estimator behind Stacks' `Pi` column.
            population He_NeiChesser He_2n_corr pct_diff Fis_NeiChesser Fis_2n_corr
          LookoutCreek        0.0624     0.0627   +0.41%        -0.1540     -0.1493
 FlintRiver_RylandPike        0.1036     0.1040   +0.39%        -0.1445     -0.1400
     Sequatchie_Teague        0.1019     0.1020   +0.19%        -0.0705     -0.0685
         PaintRock_AL2        0.0967     0.0974   +0.76%        -0.2811     -0.2714
             Dry_Creek        0.0470     0.0474   +0.77%        -0.2835     -0.2737
         Pidgeon_River        0.1075     0.1080   +0.41%        -0.1289     -0.1243
    Sequatchie_OldYork        0.0961     0.0964   +0.41%        -0.1540     -0.1493
      Sequatchie_Inman        0.1233     0.1234   +0.11%        -0.0405     -0.0394
      FlintRiver_HWY61        0.1210     0.1217   +0.59%        -0.2191     -0.2120
             BentCreek        0.0930     0.0938   +0.83%        -0.3070     -0.2962
           SpringCreek        0.0879     0.0885   +0.70%        -0.2607     -0.2520
  He barely moves; FIS moves ~(1-F)/F times as much, because FIS divides by
  the small quantity the two estimators disagree about. So Stacks' Pi is safe
  to quote and its Fis is not (and its Fis carries a second, larger error:
  it is a mean of per-locus ratios).
  Compare against `Pi`, never `Exp_Het`: Pi = Exp_Het * 2n/(2n-1) = x1.026 at n=20, x1.026 at n=20, x1.026 at n=20, x1.026 at n=20, x1.026 at n=20, x1.030 at n=17, x1.026 at n=20, x1.026 at n=20, x1.026 at n=20, x1.026 at n=20, x1.026 at n=20.
  -> MINIMAL_WORKFLOW.md, "Formulas, and what maps onto what in Stacks"

What the Ho and He numbers are
  Scaled to 222,139 sequenced sites via all 1,701 variant records (0.766% variant);
  He estimated using 1,701 of 1,701 records (100.0% of them, available-data, min_n = 2).
            population Ho_autosomal He_autosomal
          LookoutCreek    0.0005514    0.0004778
 FlintRiver_RylandPike    0.0009078    0.0007932
     Sequatchie_Teague    0.0008349    0.0007799
         PaintRock_AL2    0.0009487    0.0007405
             Dry_Creek    0.0004624    0.0003602
         Pidgeon_River    0.0009294    0.0008233
    Sequatchie_OldYork    0.0008487    0.0007355
      Sequatchie_Inman    0.0009820    0.0009438
      FlintRiver_HWY61    0.0011290    0.0009265
             BentCreek    0.0009310    0.0007124
           SpringCreek    0.0008482    0.0006728
  He_autosomal is the SAME per-site quantity as He above, averaged over every
  sequenced site instead of over variant records. That denominator is what
  makes it nucleotide diversity (pi). There is no column named `pi`.
  Compare against Stacks' `Pi` from the All-positions block -- not the
  variant-positions block, and not `Exp_Het` (Schmidt et al. 2021).
  -> MINIMAL_WORKFLOW.md, "Formulas, and what maps onto what in Stacks"

---------------------------------------------------------------------
  TAKE FROM THIS RUN:  Ho, He, pct_poly, Ho_autosomal, He_autosomal.
  Run populations.haps.vcf for Fis, Ar and privAr: on biallelic SNPs
  rarefied richness is bounded at 2, and Fis is more precise from
  multi-allelic loci.
  
  Fis is comparable between the two files; Ho and He are NOT (haplotype Ho
  asks 'is this tag heterozygous', per-site Ho asks 'is this site'). Label
  every table row with the file it came from.
  
  He and Ho above are averaged over ALL retained records including those
  monomorphic within a population -- the POOLED denominator, matching
  Stacks' Variant-positions block. Report pct_poly beside them:
      He(pooled) = He(polymorphic within pop) x pct_poly/100   (exactly)
  Do not switch to the within-population denominator; it conditions on the
  outcome and can reverse a real difference.
  -> MINIMAL_WORKFLOW.md, "Which file for which statistic"
---------------------------------------------------------------------

Weir & Cockerham via hierfstat::wc():  FST 0.5270   FIS -0.1778
  wc()'s FIS is the metapopulation value across all populations; the
  per-population column above is the one to report per population.

hierfstat::basic.stats() overall
     Ho      Hs      Ht     Dst     Htp    Dstp     Fst    Fstp     Fis    Dest 
 0.1113  0.0945  0.1892  0.0947  0.1987  0.1042  0.5005  0.5243 -0.1773  0.1151 

Wrote diversity_per_population.snps.tsv and diversity_richness.snps.tsv

