Reading /fs/project/whelan.105/virgata/virgata-assembly/post-submission-filtering-tests/virgata_m3M3n3_r80p11_maf025_gt10_H/populations.haps.vcf ...
  1,303 loci, 217 samples
  haplotypes per locus: median 2, max 6; 23.1% of loci are multi-allelic (>2)
  missing genotype rate: 2.67%
  populations: LookoutCreek (n=20), FlintRiver_RylandPike (n=20), Sequatchie_Teague (n=20), PaintRock_AL2 (n=20), Dry_Creek (n=20), Pidgeon_River (n=17), Sequatchie_OldYork (n=20), Sequatchie_Inman (n=20), FlintRiver_HWY61 (n=20), BentCreek (n=20), SpringCreek (n=20)
  record type: HAPLOTYPE (one multi-allelic locus per RAD tag)
  1,303 records on 1,303 RAD loci (1.00 per locus)
Available-data mode (min_n = 2): 1,303 of 1,303 records usable by >= 1 population
  14,333 of 14,333 locus-by-population cells meet min_n (100.0%)
    LookoutCreek           1,303 of 1,303 loci usable (typed-n there: mean 19.4, min 16, max 20)
    FlintRiver_RylandPike  1,303 of 1,303 loci usable (typed-n there: mean 19.3, min 16, max 20)
    Sequatchie_Teague      1,303 of 1,303 loci usable (typed-n there: mean 19.5, min 16, max 20)
    PaintRock_AL2          1,303 of 1,303 loci usable (typed-n there: mean 19.5, min 16, max 20)
    Dry_Creek              1,303 of 1,303 loci usable (typed-n there: mean 19.7, min 16, max 20)
    Pidgeon_River          1,303 of 1,303 loci usable (typed-n there: mean 16.4, min 14, max 17)
    Sequatchie_OldYork     1,303 of 1,303 loci usable (typed-n there: mean 19.5, min 16, max 20)
    Sequatchie_Inman       1,303 of 1,303 loci usable (typed-n there: mean 19.4, min 16, max 20)
    FlintRiver_HWY61       1,303 of 1,303 loci usable (typed-n there: mean 19.5, min 16, max 20)
    BentCreek              1,303 of 1,303 loci usable (typed-n there: mean 19.5, min 16, max 20)
    SpringCreek            1,303 of 1,303 loci usable (typed-n there: mean 19.5, min 16, max 20)
Engine: hierfstat::basic.stats()
Rarefying to g = 28 gene copies (smallest population has 34)
  cross-check vs hierfstat::allelic.richness(): max diff 0.00e+00
Bootstrapping 10,000 replicates over 1,303 RAD loci ...

=====================================================================
  DIVERSITY -- 11 populations, 1,303 records on 1,303 RAD loci
  He = Nei & Chesser (1983) Hs, the hierfstat quantity
  FIS = 1 - sum(Ho)/sum(Hs), a ratio of sums, monomorphic loci included
  Ar / private Ar rarefied to 28 GENE COPIES (Kalinowski 2004)
  14,333 of 14,333 locus-by-population cells meet min_n = 2 (100.0%)
  Each population's Ho/He/Fis is a ratio of sums over whichever loci it
    cleared min_n at -- see the per-population lines printed above.
  95% CI from 10,000 replicates resampling RAD LOCI
=====================================================================

            population  n     Ho     He     Fis  Fis_lo  Fis_hi pct_poly
          LookoutCreek 20 0.0874 0.0754 -0.1583 -0.1987 -0.1184     31.2
 FlintRiver_RylandPike 20 0.1454 0.1269 -0.1456 -0.1764 -0.1150     41.9
     Sequatchie_Teague 20 0.1337 0.1247 -0.0728 -0.1024 -0.0422     44.5
         PaintRock_AL2 20 0.1502 0.1170 -0.2837 -0.3120 -0.2547     42.0
             Dry_Creek 20 0.0727 0.0567 -0.2836 -0.3335 -0.2317     23.4
         Pidgeon_River 17 0.1474 0.1305 -0.1296 -0.1566 -0.1024     45.7
    Sequatchie_OldYork 20 0.1363 0.1180 -0.1551 -0.1801 -0.1304     44.2
      Sequatchie_Inman 20 0.1581 0.1508 -0.0483 -0.0746 -0.0219     53.9
      FlintRiver_HWY61 20 0.1811 0.1478 -0.2255 -0.2529 -0.1977     48.1
             BentCreek 20 0.1442 0.1109 -0.3006 -0.3306 -0.2711     39.0
           SpringCreek 20 0.1365 0.1081 -0.2635 -0.2939 -0.2320     40.4

            population     Ar Ar_n  Ar_lo  Ar_hi privAr privAr_n privAr_lo privAr_hi priv_total
          LookoutCreek 1.2946 1303 1.2705 1.3192 0.0066     1303    0.0030    0.0107        8.6
 FlintRiver_RylandPike 1.4128 1303 1.3852 1.4400 0.0065     1303    0.0027    0.0109        8.5
     Sequatchie_Teague 1.4464 1303 1.4181 1.4749 0.0005     1303    0.0001    0.0010        0.6
         PaintRock_AL2 1.4166 1303 1.3889 1.4449 0.0340     1303    0.0247    0.0440       44.3
             Dry_Creek 1.2220 1303 1.1999 1.2444 0.0025     1303    0.0006    0.0050        3.2
         Pidgeon_River 1.4613 1303 1.4328 1.4900 0.0371     1303    0.0276    0.0474       48.4
    Sequatchie_OldYork 1.4304 1303 1.4035 1.4583 0.0048     1303    0.0017    0.0084        6.3
      Sequatchie_Inman 1.5464 1303 1.5176 1.5756 0.0076     1303    0.0037    0.0121        9.9
      FlintRiver_HWY61 1.4827 1303 1.4544 1.5110 0.0122     1303    0.0072    0.0179       15.9
             BentCreek 1.3808 1303 1.3542 1.4075 0.0624     1303    0.0497    0.0760       81.3
           SpringCreek 1.3909 1303 1.3639 1.4184 0.0760     1303    0.0612    0.0917       99.1
  Ar_n / privAr_n: how many of the 1,303 loci had a defined value for that population
  (Ar needs only THAT population at >= g gene copies; privAr needs EVERY
  population at >= g simultaneously, so privAr_n <= Ar_n, often far less
  under available data -- see MINIMAL_WORKFLOW.md if privAr_n is small).
  Ar and privAr are PER LOCUS (the HP-RARE / ADZE convention);
  priv_total is the dataset-wide sum over privAr_n loci. Private = absent from all 10 others,
  so it is not comparable to a dataset with a different number of populations.
  NOTE: Ar is capped at 2 because these are biallelic SNPs, so rarefaction
  has almost nothing to correct. Run this on the HAPLOTYPE VCF for a
  richness worth reporting; private allelic richness is still informative.

Two estimators of the same parameter (gene diversity per variant record)
  He_NeiChesser  (n/(n-1))(1 - sum p^2 - Ho/2n)   unbiased at any FIS
  He_2n_corr     (2n/(2n-1))(1 - sum p^2)         unbiased only if FIS = 0
                 -- this is the estimator behind Stacks' `Pi` column.
            population He_NeiChesser He_2n_corr pct_diff Fis_NeiChesser Fis_2n_corr
          LookoutCreek        0.0754     0.0757   +0.42%        -0.1583     -0.1534
 FlintRiver_RylandPike        0.1269     0.1274   +0.40%        -0.1456     -0.1411
     Sequatchie_Teague        0.1247     0.1249   +0.19%        -0.0728     -0.0707
         PaintRock_AL2        0.1170     0.1179   +0.77%        -0.2837     -0.2740
             Dry_Creek        0.0567     0.0571   +0.77%        -0.2836     -0.2738
         Pidgeon_River        0.1305     0.1310   +0.41%        -0.1296     -0.1250
    Sequatchie_OldYork        0.1180     0.1185   +0.41%        -0.1551     -0.1503
      Sequatchie_Inman        0.1508     0.1510   +0.13%        -0.0483     -0.0470
      FlintRiver_HWY61        0.1478     0.1487   +0.61%        -0.2255     -0.2181
             BentCreek        0.1109     0.1118   +0.81%        -0.3006     -0.2901
           SpringCreek        0.1081     0.1088   +0.71%        -0.2635     -0.2546
  He barely moves; FIS moves ~(1-F)/F times as much, because FIS divides by
  the small quantity the two estimators disagree about. So Stacks' Pi is safe
  to quote and its Fis is not (and its Fis carries a second, larger error:
  it is a mean of per-locus ratios).
  Compare against `Pi`, never `Exp_Het`: Pi = Exp_Het * 2n/(2n-1) = x1.026 at n=20, x1.026 at n=20, x1.026 at n=20, x1.026 at n=20, x1.026 at n=20, x1.030 at n=17, x1.026 at n=20, x1.026 at n=20, x1.026 at n=20, x1.026 at n=20, x1.026 at n=20.
  -> MINIMAL_WORKFLOW.md, "Formulas, and what maps onto what in Stacks"

What the Ho and He numbers are
  Per ASCERTAINED record: the denominator is however many markers this run
  called. Valid for comparing these populations to each other and nothing
  else. Pass `sites` (the `Sites` column of the All-positions block of
  populations.sumstats_summary.tsv) to get the autosomal value.
  -> MINIMAL_WORKFLOW.md, "Denominators, and where nucleotide diversity fits"

---------------------------------------------------------------------
  TAKE FROM THIS RUN:  Fis, Ar, privAr.
  NOT Ho / He: haplotype gene diversity has no fixed ceiling, so it moves
  with read length, enzyme and filters and is not comparable across
  studies. Run populations.snps.vcf for those. Fis is a ratio, so the
  scale cancels -- which is why it belongs here.
  
  Fis is comparable between the two files; Ho and He are NOT (haplotype Ho
  asks 'is this tag heterozygous', per-site Ho asks 'is this site'). Label
  every table row with the file it came from.
  
  He and Ho above are averaged over ALL retained records including those
  monomorphic within a population -- the POOLED denominator, matching
  Stacks' Variant-positions block. Report pct_poly beside them:
      He(pooled) = He(polymorphic within pop) x pct_poly/100   (exactly)
  Do not switch to the within-population denominator; it conditions on the
  outcome and can reverse a real difference.
  -> MINIMAL_WORKFLOW.md, "Which file for which statistic"
---------------------------------------------------------------------

Weir & Cockerham via hierfstat::wc():  FST 0.5220   FIS -0.1795
  wc()'s FIS is the metapopulation value across all populations; the
  per-population column above is the one to report per population.

hierfstat::basic.stats() overall
     Ho      Hs      Ht     Dst     Htp    Dstp     Fst    Fstp     Fis    Dest 
 0.1357  0.1151  0.2281  0.1130  0.2394  0.1243  0.4953  0.5191 -0.1792  0.1404 

Wrote diversity_per_population.haps.tsv and diversity_richness.haps.tsv

