Reading /fs/project/whelan.105/virgata/virgata-assembly/post-submission-filtering-tests/virgata_m3M3n3_r80p11_maf025_gt6_H/populations.haps.vcf ...
  1,693 loci, 217 samples
  haplotypes per locus: median 2, max 6; 22.9% of loci are multi-allelic (>2)
  missing genotype rate: 3.03%
  populations: LookoutCreek (n=20), FlintRiver_RylandPike (n=20), Sequatchie_Teague (n=20), PaintRock_AL2 (n=20), Dry_Creek (n=20), Pidgeon_River (n=17), Sequatchie_OldYork (n=20), Sequatchie_Inman (n=20), FlintRiver_HWY61 (n=20), BentCreek (n=20), SpringCreek (n=20)
  record type: HAPLOTYPE (one multi-allelic locus per RAD tag)
  1,693 records on 1,693 RAD loci (1.00 per locus)
Available-data mode (min_n = 2): 1,693 of 1,693 records usable by >= 1 population
  18,623 of 18,623 locus-by-population cells meet min_n (100.0%)
    LookoutCreek           1,693 of 1,693 loci usable (typed-n there: mean 19.4, min 16, max 20)
    FlintRiver_RylandPike  1,693 of 1,693 loci usable (typed-n there: mean 19.3, min 16, max 20)
    Sequatchie_Teague      1,693 of 1,693 loci usable (typed-n there: mean 19.4, min 16, max 20)
    PaintRock_AL2          1,693 of 1,693 loci usable (typed-n there: mean 19.5, min 16, max 20)
    Dry_Creek              1,693 of 1,693 loci usable (typed-n there: mean 19.6, min 16, max 20)
    Pidgeon_River          1,693 of 1,693 loci usable (typed-n there: mean 16.3, min 14, max 17)
    Sequatchie_OldYork     1,693 of 1,693 loci usable (typed-n there: mean 19.4, min 16, max 20)
    Sequatchie_Inman       1,693 of 1,693 loci usable (typed-n there: mean 19.3, min 16, max 20)
    FlintRiver_HWY61       1,693 of 1,693 loci usable (typed-n there: mean 19.4, min 16, max 20)
    BentCreek              1,693 of 1,693 loci usable (typed-n there: mean 19.4, min 16, max 20)
    SpringCreek            1,693 of 1,693 loci usable (typed-n there: mean 19.4, min 16, max 20)
Engine: hierfstat::basic.stats()
Rarefying to g = 28 gene copies (smallest population has 34)
  cross-check vs hierfstat::allelic.richness(): max diff 0.00e+00
Bootstrapping 10,000 replicates over 1,693 RAD loci ...

=====================================================================
  DIVERSITY -- 11 populations, 1,693 records on 1,693 RAD loci
  He = Nei & Chesser (1983) Hs, the hierfstat quantity
  FIS = 1 - sum(Ho)/sum(Hs), a ratio of sums, monomorphic loci included
  Ar / private Ar rarefied to 28 GENE COPIES (Kalinowski 2004)
  18,623 of 18,623 locus-by-population cells meet min_n = 2 (100.0%)
  Each population's Ho/He/Fis is a ratio of sums over whichever loci it
    cleared min_n at -- see the per-population lines printed above.
  95% CI from 10,000 replicates resampling RAD LOCI
=====================================================================

            population  n     Ho     He     Fis  Fis_lo  Fis_hi pct_poly
          LookoutCreek 20 0.0988 0.0822 -0.2017 -0.2372 -0.1664     33.0
 FlintRiver_RylandPike 20 0.1563 0.1332 -0.1729 -0.2015 -0.1447     43.4
     Sequatchie_Teague 20 0.1341 0.1244 -0.0777 -0.1040 -0.0508     46.7
         PaintRock_AL2 20 0.1545 0.1188 -0.3004 -0.3268 -0.2732     42.1
             Dry_Creek 20 0.0734 0.0569 -0.2902 -0.3321 -0.2478     23.7
         Pidgeon_River 17 0.1502 0.1318 -0.1397 -0.1642 -0.1151     46.3
    Sequatchie_OldYork 20 0.1378 0.1202 -0.1466 -0.1676 -0.1253     47.1
      Sequatchie_Inman 20 0.1635 0.1538 -0.0630 -0.0854 -0.0411     56.2
      FlintRiver_HWY61 20 0.1842 0.1489 -0.2370 -0.2608 -0.2123     50.0
             BentCreek 20 0.1502 0.1139 -0.3188 -0.3465 -0.2916     39.7
           SpringCreek 20 0.1396 0.1120 -0.2469 -0.2750 -0.2179     42.0

            population     Ar Ar_n  Ar_lo  Ar_hi privAr privAr_n privAr_lo privAr_hi priv_total
          LookoutCreek 1.3135 1693 1.2919 1.3357 0.0070     1693    0.0037    0.0110       11.8
 FlintRiver_RylandPike 1.4302 1693 1.4057 1.4549 0.0077     1693    0.0042    0.0117       13.1
     Sequatchie_Teague 1.4655 1693 1.4401 1.4909 0.0004     1693    0.0001    0.0008        0.6
         PaintRock_AL2 1.4207 1693 1.3962 1.4453 0.0331     1693    0.0250    0.0416       56.1
             Dry_Creek 1.2257 1693 1.2064 1.2459 0.0037     1693    0.0015    0.0065        6.3
         Pidgeon_River 1.4695 1693 1.4442 1.4949 0.0337     1693    0.0258    0.0422       57.1
    Sequatchie_OldYork 1.4611 1693 1.4362 1.4854 0.0039     1693    0.0016    0.0068        6.6
      Sequatchie_Inman 1.5689 1693 1.5435 1.5944 0.0073     1693    0.0040    0.0112       12.4
      FlintRiver_HWY61 1.5004 1693 1.4757 1.5255 0.0110     1693    0.0069    0.0158       18.6
             BentCreek 1.3872 1693 1.3635 1.4106 0.0537     1693    0.0435    0.0648       91.0
           SpringCreek 1.4081 1693 1.3845 1.4320 0.0683     1693    0.0563    0.0812      115.7
  Ar_n / privAr_n: how many of the 1,693 loci had a defined value for that population
  (Ar needs only THAT population at >= g gene copies; privAr needs EVERY
  population at >= g simultaneously, so privAr_n <= Ar_n, often far less
  under available data -- see MINIMAL_WORKFLOW.md if privAr_n is small).
  Ar and privAr are PER LOCUS (the HP-RARE / ADZE convention);
  priv_total is the dataset-wide sum over privAr_n loci. Private = absent from all 10 others,
  so it is not comparable to a dataset with a different number of populations.
  NOTE: Ar is capped at 2 because these are biallelic SNPs, so rarefaction
  has almost nothing to correct. Run this on the HAPLOTYPE VCF for a
  richness worth reporting; private allelic richness is still informative.

Two estimators of the same parameter (gene diversity per variant record)
  He_NeiChesser  (n/(n-1))(1 - sum p^2 - Ho/2n)   unbiased at any FIS
  He_2n_corr     (2n/(2n-1))(1 - sum p^2)         unbiased only if FIS = 0
                 -- this is the estimator behind Stacks' `Pi` column.
            population He_NeiChesser He_2n_corr pct_diff Fis_NeiChesser Fis_2n_corr
          LookoutCreek        0.0822     0.0826   +0.55%        -0.2017     -0.1951
 FlintRiver_RylandPike        0.1332     0.1339   +0.47%        -0.1729     -0.1674
     Sequatchie_Teague        0.1244     0.1247   +0.21%        -0.0777     -0.0754
         PaintRock_AL2        0.1188     0.1198   +0.82%        -0.3004     -0.2898
             Dry_Creek        0.0569     0.0573   +0.80%        -0.2902     -0.2801
         Pidgeon_River        0.1318     0.1324   +0.44%        -0.1397     -0.1347
    Sequatchie_OldYork        0.1202     0.1207   +0.39%        -0.1466     -0.1421
      Sequatchie_Inman        0.1538     0.1541   +0.17%        -0.0630     -0.0612
      FlintRiver_HWY61        0.1489     0.1499   +0.64%        -0.2370     -0.2290
             BentCreek        0.1139     0.1149   +0.87%        -0.3188     -0.3074
           SpringCreek        0.1120     0.1127   +0.67%        -0.2469     -0.2387
  He barely moves; FIS moves ~(1-F)/F times as much, because FIS divides by
  the small quantity the two estimators disagree about. So Stacks' Pi is safe
  to quote and its Fis is not (and its Fis carries a second, larger error:
  it is a mean of per-locus ratios).
  Compare against `Pi`, never `Exp_Het`: Pi = Exp_Het * 2n/(2n-1) = x1.026 at n=20, x1.026 at n=20, x1.026 at n=20, x1.026 at n=20, x1.026 at n=20, x1.030 at n=17, x1.026 at n=20, x1.026 at n=20, x1.026 at n=20, x1.026 at n=20, x1.026 at n=20.
  -> MINIMAL_WORKFLOW.md, "Formulas, and what maps onto what in Stacks"

What the Ho and He numbers are
  Per ASCERTAINED record: the denominator is however many markers this run
  called. Valid for comparing these populations to each other and nothing
  else. Pass `sites` (the `Sites` column of the All-positions block of
  populations.sumstats_summary.tsv) to get the autosomal value.
  -> MINIMAL_WORKFLOW.md, "Denominators, and where nucleotide diversity fits"

---------------------------------------------------------------------
  TAKE FROM THIS RUN:  Fis, Ar, privAr.
  NOT Ho / He: haplotype gene diversity has no fixed ceiling, so it moves
  with read length, enzyme and filters and is not comparable across
  studies. Run populations.snps.vcf for those. Fis is a ratio, so the
  scale cancels -- which is why it belongs here.
  
  Fis is comparable between the two files; Ho and He are NOT (haplotype Ho
  asks 'is this tag heterozygous', per-site Ho asks 'is this site'). Label
  every table row with the file it came from.
  
  He and Ho above are averaged over ALL retained records including those
  monomorphic within a population -- the POOLED denominator, matching
  Stacks' Variant-positions block. Report pct_poly beside them:
      He(pooled) = He(polymorphic within pop) x pct_poly/100   (exactly)
  Do not switch to the within-population denominator; it conditions on the
  outcome and can reverse a real difference.
  -> MINIMAL_WORKFLOW.md, "Which file for which statistic"
---------------------------------------------------------------------

Weir & Cockerham via hierfstat::wc():  FST 0.4974   FIS -0.1912
  wc()'s FIS is the metapopulation value across all populations; the
  per-population column above is the one to report per population.

hierfstat::basic.stats() overall
     Ho      Hs      Ht     Dst     Htp    Dstp     Fst    Fstp     Fis    Dest 
 0.1402  0.1178  0.2225  0.1047  0.2330  0.1152  0.4707  0.4945 -0.1906  0.1306 

Wrote diversity_per_population.haps.tsv and diversity_richness.haps.tsv

