Reading /fs/project/whelan.105/virgata/virgata-assembly/post-submission-filtering-tests/virgata_m3M3n3_r80p11_maf025_gt6_H/populations.snps.vcf ...
  520 records share a locus ID with another (1,693 distinct loci) -- expected for a SNP VCF, NOT for a haps VCF
  2,213 loci, 217 samples
  haplotypes per locus: median 2, max 2; 0.0% of loci are multi-allelic (>2)
  missing genotype rate: 2.84%
  populations: LookoutCreek (n=20), FlintRiver_RylandPike (n=20), Sequatchie_Teague (n=20), PaintRock_AL2 (n=20), Dry_Creek (n=20), Pidgeon_River (n=17), Sequatchie_OldYork (n=20), Sequatchie_Inman (n=20), FlintRiver_HWY61 (n=20), BentCreek (n=20), SpringCreek (n=20)
  record type: SNP (one site per record)
  2,213 records on 1,693 RAD loci (1.31 per locus)
Available-data mode (min_n = 2): 2,213 of 2,213 records usable by >= 1 population
  24,343 of 24,343 locus-by-population cells meet min_n (100.0%)
    LookoutCreek           2,213 of 2,213 loci usable (typed-n there: mean 19.4, min 16, max 20)
    FlintRiver_RylandPike  2,213 of 2,213 loci usable (typed-n there: mean 19.3, min 16, max 20)
    Sequatchie_Teague      2,213 of 2,213 loci usable (typed-n there: mean 19.5, min 16, max 20)
    PaintRock_AL2          2,213 of 2,213 loci usable (typed-n there: mean 19.5, min 16, max 20)
    Dry_Creek              2,213 of 2,213 loci usable (typed-n there: mean 19.6, min 16, max 20)
    Pidgeon_River          2,213 of 2,213 loci usable (typed-n there: mean 16.4, min 14, max 17)
    Sequatchie_OldYork     2,213 of 2,213 loci usable (typed-n there: mean 19.5, min 16, max 20)
    Sequatchie_Inman       2,213 of 2,213 loci usable (typed-n there: mean 19.3, min 16, max 20)
    FlintRiver_HWY61       2,213 of 2,213 loci usable (typed-n there: mean 19.4, min 16, max 20)
    BentCreek              2,213 of 2,213 loci usable (typed-n there: mean 19.5, min 16, max 20)
    SpringCreek            2,213 of 2,213 loci usable (typed-n there: mean 19.4, min 16, max 20)
Engine: hierfstat::basic.stats()
Rarefying to g = 28 gene copies (smallest population has 34)
  cross-check vs hierfstat::allelic.richness(): max diff 0.00e+00
Bootstrapping 10,000 replicates over 1,693 RAD loci ...

=====================================================================
  DIVERSITY -- 11 populations, 2,213 records on 1,693 RAD loci
  He = Nei & Chesser (1983) Hs, the hierfstat quantity
  FIS = 1 - sum(Ho)/sum(Hs), a ratio of sums, monomorphic loci included
  Ar / private Ar rarefied to 28 GENE COPIES (Kalinowski 2004)
  24,343 of 24,343 locus-by-population cells meet min_n = 2 (100.0%)
  Each population's Ho/He/Fis is a ratio of sums over whichever loci it
    cleared min_n at -- see the per-population lines printed above.
  95% CI from 10,000 replicates resampling RAD LOCI
=====================================================================

            population  n     Ho     He     Fis  Fis_lo  Fis_hi pct_poly
          LookoutCreek 20 0.0809 0.0680 -0.1894 -0.2260 -0.1527     27.7
 FlintRiver_RylandPike 20 0.1270 0.1090 -0.1651 -0.1959 -0.1342     36.4
     Sequatchie_Teague 20 0.1093 0.1018 -0.0737 -0.1014 -0.0454     40.2
         PaintRock_AL2 20 0.1275 0.0988 -0.2906 -0.3203 -0.2593     36.1
             Dry_Creek 20 0.0604 0.0469 -0.2881 -0.3352 -0.2406     19.8
         Pidgeon_River 17 0.1248 0.1096 -0.1381 -0.1684 -0.1069     39.1
    Sequatchie_OldYork 20 0.1124 0.0981 -0.1464 -0.1708 -0.1227     39.8
      Sequatchie_Inman 20 0.1317 0.1251 -0.0529 -0.0764 -0.0296     48.2
      FlintRiver_HWY61 20 0.1493 0.1218 -0.2260 -0.2523 -0.1985     42.7
             BentCreek 20 0.1265 0.0958 -0.3215 -0.3521 -0.2919     33.5
           SpringCreek 20 0.1127 0.0910 -0.2388 -0.2691 -0.2064     34.9

            population     Ar Ar_n  Ar_lo  Ar_hi privAr privAr_n privAr_lo privAr_hi priv_total
          LookoutCreek 1.2569 2213 1.2382 1.2754 0.0039     2213    0.0018    0.0067        8.7
 FlintRiver_RylandPike 1.3464 2213 1.3265 1.3665 0.0038     2213    0.0015    0.0067        8.3
     Sequatchie_Teague 1.3764 2213 1.3563 1.3964 0.0001     2213    0.0000    0.0002        0.2
         PaintRock_AL2 1.3391 2213 1.3189 1.3592 0.0218     2213    0.0161    0.0277       48.2
             Dry_Creek 1.1825 2213 1.1666 1.1986 0.0012     2213    0.0003    0.0025        2.7
         Pidgeon_River 1.3796 2213 1.3590 1.4005 0.0209     2213    0.0153    0.0268       46.1
    Sequatchie_OldYork 1.3699 2213 1.3503 1.3891 0.0007     2213    0.0001    0.0017        1.4
      Sequatchie_Inman 1.4534 2213 1.4333 1.4729 0.0029     2213    0.0011    0.0051        6.4
      FlintRiver_HWY61 1.4029 2213 1.3828 1.4232 0.0057     2213    0.0029    0.0091       12.6
             BentCreek 1.3160 2213 1.2964 1.3358 0.0403     2213    0.0322    0.0491       89.1
           SpringCreek 1.3255 2213 1.3065 1.3449 0.0471     2213    0.0387    0.0560      104.3
  Ar_n / privAr_n: how many of the 2,213 loci had a defined value for that population
  (Ar needs only THAT population at >= g gene copies; privAr needs EVERY
  population at >= g simultaneously, so privAr_n <= Ar_n, often far less
  under available data -- see MINIMAL_WORKFLOW.md if privAr_n is small).
  Ar and privAr are PER LOCUS (the HP-RARE / ADZE convention);
  priv_total is the dataset-wide sum over privAr_n loci. Private = absent from all 10 others,
  so it is not comparable to a dataset with a different number of populations.
  NOTE: Ar is capped at 2 because these are biallelic SNPs, so rarefaction
  has almost nothing to correct. Run this on the HAPLOTYPE VCF for a
  richness worth reporting; private allelic richness is still informative.

Two estimators of the same parameter (gene diversity per variant record)
  He_NeiChesser  (n/(n-1))(1 - sum p^2 - Ho/2n)   unbiased at any FIS
  He_2n_corr     (2n/(2n-1))(1 - sum p^2)         unbiased only if FIS = 0
                 -- this is the estimator behind Stacks' `Pi` column.
            population He_NeiChesser He_2n_corr pct_diff Fis_NeiChesser Fis_2n_corr
          LookoutCreek        0.0680     0.0684   +0.52%        -0.1894     -0.1833
 FlintRiver_RylandPike        0.1090     0.1095   +0.45%        -0.1651     -0.1599
     Sequatchie_Teague        0.1018     0.1020   +0.20%        -0.0737     -0.0716
         PaintRock_AL2        0.0988     0.0996   +0.79%        -0.2906     -0.2805
             Dry_Creek        0.0469     0.0473   +0.79%        -0.2881     -0.2780
         Pidgeon_River        0.1096     0.1101   +0.44%        -0.1381     -0.1332
    Sequatchie_OldYork        0.0981     0.0985   +0.39%        -0.1464     -0.1419
      Sequatchie_Inman        0.1251     0.1253   +0.14%        -0.0529     -0.0513
      FlintRiver_HWY61        0.1218     0.1225   +0.61%        -0.2260     -0.2185
             BentCreek        0.0958     0.0966   +0.88%        -0.3215     -0.3100
           SpringCreek        0.0910     0.0916   +0.64%        -0.2388     -0.2309
  He barely moves; FIS moves ~(1-F)/F times as much, because FIS divides by
  the small quantity the two estimators disagree about. So Stacks' Pi is safe
  to quote and its Fis is not (and its Fis carries a second, larger error:
  it is a mean of per-locus ratios).
  Compare against `Pi`, never `Exp_Het`: Pi = Exp_Het * 2n/(2n-1) = x1.026 at n=20, x1.026 at n=20, x1.026 at n=20, x1.026 at n=20, x1.026 at n=20, x1.030 at n=17, x1.026 at n=20, x1.026 at n=20, x1.026 at n=20, x1.026 at n=20, x1.026 at n=20.
  -> MINIMAL_WORKFLOW.md, "Formulas, and what maps onto what in Stacks"

What the Ho and He numbers are
  Scaled to 222,857 sequenced sites via all 2,213 variant records (0.993% variant);
  He estimated using 2,213 of 2,213 records (100.0% of them, available-data, min_n = 2).
            population Ho_autosomal He_autosomal
          LookoutCreek    0.0008036    0.0006756
 FlintRiver_RylandPike    0.0012610    0.0010820
     Sequatchie_Teague    0.0010850    0.0010110
         PaintRock_AL2    0.0012660    0.0009812
             Dry_Creek    0.0006002    0.0004660
         Pidgeon_River    0.0012390    0.0010890
    Sequatchie_OldYork    0.0011170    0.0009740
      Sequatchie_Inman    0.0013080    0.0012430
      FlintRiver_HWY61    0.0014830    0.0012100
             BentCreek    0.0012570    0.0009509
           SpringCreek    0.0011190    0.0009035
  He_autosomal is the SAME per-site quantity as He above, averaged over every
  sequenced site instead of over variant records. That denominator is what
  makes it nucleotide diversity (pi). There is no column named `pi`.
  Compare against Stacks' `Pi` from the All-positions block -- not the
  variant-positions block, and not `Exp_Het` (Schmidt et al. 2021).
  -> MINIMAL_WORKFLOW.md, "Formulas, and what maps onto what in Stacks"

---------------------------------------------------------------------
  TAKE FROM THIS RUN:  Ho, He, pct_poly, Ho_autosomal, He_autosomal.
  Run populations.haps.vcf for Fis, Ar and privAr: on biallelic SNPs
  rarefied richness is bounded at 2, and Fis is more precise from
  multi-allelic loci.
  
  Fis is comparable between the two files; Ho and He are NOT (haplotype Ho
  asks 'is this tag heterozygous', per-site Ho asks 'is this site'). Label
  every table row with the file it came from.
  
  He and Ho above are averaged over ALL retained records including those
  monomorphic within a population -- the POOLED denominator, matching
  Stacks' Variant-positions block. Report pct_poly beside them:
      He(pooled) = He(polymorphic within pop) x pct_poly/100   (exactly)
  Do not switch to the within-population denominator; it conditions on the
  outcome and can reverse a real difference.
  -> MINIMAL_WORKFLOW.md, "Which file for which statistic"
---------------------------------------------------------------------

Weir & Cockerham via hierfstat::wc():  FST 0.5017   FIS -0.1859
  wc()'s FIS is the metapopulation value across all populations; the
  per-population column above is the one to report per population.

hierfstat::basic.stats() overall
     Ho      Hs      Ht     Dst     Htp    Dstp     Fst    Fstp     Fis    Dest 
 0.1148  0.0969  0.1846  0.0877  0.1933  0.0965  0.4752  0.4990 -0.1851  0.1068 

Wrote diversity_per_population.snps.tsv and diversity_richness.snps.tsv

