Reading /fs/project/whelan.105/virgata/virgata-assembly/post-submission-filtering-tests/virgata_m3M3n3_r80p11_maf025_gt6_H/populations.snps.vcf ...
  520 records share a locus ID with another (1,693 distinct loci) -- expected for a SNP VCF, NOT for a haps VCF
  2,213 loci, 217 samples
  haplotypes per locus: median 2, max 2; 0.0% of loci are multi-allelic (>2)
  missing genotype rate: 2.84%
  populations: LookoutCreek (n=20), FlintRiver_RylandPike (n=20), Sequatchie_Teague (n=20), PaintRock_AL2 (n=20), Dry_Creek (n=20), Pidgeon_River (n=17), Sequatchie_OldYork (n=20), Sequatchie_Inman (n=20), FlintRiver_HWY61 (n=20), BentCreek (n=20), SpringCreek (n=20)
Loci genotyped in >= 90% of individuals (pooled): 2,186 of 2,213

=====================================================================
  HETEROZYGOSITY BETWEEN POPULATIONS -- individual as the unit
  2,186 loci pass the pooled filter (used for the
  individual-level table and confound check below); 217 individuals, 11 populations
=====================================================================

Per-population summary of individual heterozygosity
  (each population's OWN locus set -- loci at >= 90% call rate WITHIN that population; see 'n_loci'. This can differ from
   a specific pair's test below, which uses only loci BOTH members of
   that pair clear -- that is expected, not an inconsistency.)
            population  n n_loci mean_het     sd     se    min    max
          LookoutCreek 20   2065   0.0734 0.0196 0.0044 0.0474 0.1337
 FlintRiver_RylandPike 20   2023   0.1165 0.0176 0.0039 0.0964 0.1710
     Sequatchie_Teague 20   2091   0.1032 0.0209 0.0047 0.0660 0.1361
         PaintRock_AL2 20   2098   0.1174 0.0177 0.0040 0.0910 0.1441
             Dry_Creek 20   2131   0.0541 0.0147 0.0033 0.0371 0.0886
         Pidgeon_River 17   1824   0.1142 0.0236 0.0057 0.0845 0.1635
    Sequatchie_OldYork 20   2082   0.1080 0.0208 0.0047 0.0740 0.1709
      Sequatchie_Inman 20   2031   0.1231 0.0216 0.0048 0.0834 0.1662
      FlintRiver_HWY61 20   2068   0.1398 0.0166 0.0037 0.1185 0.1728
             BentCreek 20   2109   0.1154 0.0304 0.0068 0.0817 0.1872
           SpringCreek 20   2055   0.1039 0.0264 0.0059 0.0639 0.1734

Missingness confound check
  cor(per-individual call rate, heterozygosity) = -0.393  (p = 1.96e-09, n = 217)
    within LookoutCreek r = -0.329   call rate 0.941-0.982
    within FlintRiver_RylandPike r = +0.016   call rate 0.945-0.985
    within Sequatchie_Teague r = -0.550   call rate 0.958-0.989
    within PaintRock_AL2 r = -0.450   call rate 0.941-0.986
    within Dry_Creek    r = -0.467   call rate 0.972-0.990
    within Pidgeon_River r = -0.748   call rate 0.926-0.983
    within Sequatchie_OldYork r = -0.235   call rate 0.951-0.988
    within Sequatchie_Inman r = -0.468   call rate 0.917-0.989
    within FlintRiver_HWY61 r = -0.471   call rate 0.952-0.983
    within BentCreek    r = -0.688   call rate 0.958-0.981
    within SpringCreek  r = -0.173   call rate 0.933-0.984
  No positive association, so heterozygosity is not tracking coverage.

  'sd' is the spread AMONG INDIVIDUALS. That spread, divided by sqrt(n), is
  the real uncertainty in a population mean -- and it does not shrink at all
  as you add loci, which is why locus-based tests can be invalid here.

Overdispersion check -- does the locus bootstrap fail on THIS dataset?
  (each population's own locus set, as in the summary above)
            population  n  obs_sd binomial_sd overdispersion SE_understated_by
          LookoutCreek 20 0.01962     0.00427           21.1              4.6x
 FlintRiver_RylandPike 20 0.01765     0.00531           11.0              3.3x
     Sequatchie_Teague 20 0.02092     0.00529           15.6                4x
         PaintRock_AL2 20 0.01774     0.00499           12.6              3.6x
             Dry_Creek 20 0.01469     0.00345           18.1              4.3x
         Pidgeon_River 17 0.02359     0.00569           17.2              4.1x
    Sequatchie_OldYork 20 0.02082     0.00534           15.2              3.9x
      Sequatchie_Inman 20 0.02163     0.00593           13.3              3.6x
      FlintRiver_HWY61 20 0.01663     0.00560            8.8                3x
             BentCreek 20 0.03040     0.00485           39.3              6.3x
           SpringCreek 20 0.02637     0.00487           29.3              5.4x

  Overdispersion is LARGE. Individuals differ far more than coin-flip noise,
  so a locus bootstrap would understate the standard error by the factor in
  the last column and reject far too often. Use the test below, and inspect
  the per-individual table for outliers (a bad library looks like one
  individual with unusually LOW heterozygosity).
  This is the point made by Van Dongen (1995, Heredity 74:445-447): the unit
  of resampling changes what the bootstrap means, and loci are usually the
  wrong unit because they are all measured on the same individuals.

Pairwise tests -- 55 comparisons. Welch's t is the primary test;
Wilcoxon is the distribution-free check. 'diff' and its CI are from Welch.
p_*_BH are Benjamini-Hochberg adjusted across all 55 comparisons.
  (25 most significant pairs; full table written to file)
                  pop1                  pop2 n_loci n1  mean1 n2  mean2    diff
             Dry_Creek      FlintRiver_HWY61   1993 20 0.0562 20 0.1398 -0.0836
         PaintRock_AL2             Dry_Creek   2023 20 0.1174 20 0.0517  0.0658
 FlintRiver_RylandPike             Dry_Creek   1955 20 0.1168 20 0.0555  0.0612
          LookoutCreek      FlintRiver_HWY61   1938 20 0.0730 20 0.1369 -0.0639
             Dry_Creek      Sequatchie_Inman   1957 20 0.0562 20 0.1224 -0.0662
             Dry_Creek    Sequatchie_OldYork   2010 20 0.0555 20 0.1083 -0.0528
     Sequatchie_Teague             Dry_Creek   2018 20 0.1023 20 0.0552  0.0471
             Dry_Creek         Pidgeon_River   1769 20 0.0542 17 0.1144 -0.0601
          LookoutCreek      Sequatchie_Inman   1906 20 0.0725 20 0.1233 -0.0508
          LookoutCreek         PaintRock_AL2   1957 20 0.0709 20 0.1173 -0.0463
             Dry_Creek             BentCreek   2036 20 0.0555 20 0.1132 -0.0577
             Dry_Creek           SpringCreek   1981 20 0.0556 20 0.1045 -0.0489
          LookoutCreek FlintRiver_RylandPike   1916 20 0.0711 20 0.1096 -0.0385
     Sequatchie_Teague      FlintRiver_HWY61   1961 20 0.1043 20 0.1417 -0.0374
          LookoutCreek    Sequatchie_OldYork   1953 20 0.0698 20 0.1089 -0.0391
          LookoutCreek         Pidgeon_River   1714 20 0.0697 17 0.1144 -0.0447
          LookoutCreek             BentCreek   1973 20 0.0727 20 0.1162 -0.0435
    Sequatchie_OldYork      FlintRiver_HWY61   1958 20 0.1090 20 0.1386 -0.0296
          LookoutCreek     Sequatchie_Teague   1955 20 0.0734 20 0.1042 -0.0308
      FlintRiver_HWY61           SpringCreek   1945 20 0.1376 20 0.1035  0.0340
          LookoutCreek           SpringCreek   1924 20 0.0729 20 0.1063 -0.0334
         PaintRock_AL2      FlintRiver_HWY61   1967 20 0.1177 20 0.1425 -0.0249
 FlintRiver_RylandPike      FlintRiver_HWY61   1904 20 0.1125 20 0.1353 -0.0227
         Pidgeon_River      FlintRiver_HWY61   1723 17 0.1164 20 0.1449 -0.0285
      FlintRiver_HWY61             BentCreek   1992 20 0.1389 20 0.1133  0.0256
   ci_lo   ci_hi  p_welch p_wilcox hedges_g p_welch_BH p_wilcox_BH
 -0.0939 -0.0734 7.24e-19 1.45e-11    -5.11   3.98e-17    2.66e-10
  0.0553  0.0763 5.82e-15 1.45e-11     3.94   1.60e-13    2.66e-10
  0.0507  0.0718 5.42e-14 1.45e-11     3.64   9.94e-13    2.66e-10
 -0.0756 -0.0523 3.29e-13 2.02e-09    -3.44   4.52e-12    1.58e-08
 -0.0783 -0.0541 5.96e-13 1.02e-10    -3.46   6.55e-12    1.40e-09
 -0.0646 -0.0409 1.12e-10 4.35e-10    -2.81   1.03e-09    4.79e-09
  0.0357  0.0586 8.72e-10 9.92e-09     2.59   6.85e-09    6.82e-08
 -0.0736 -0.0467 1.33e-09 3.31e-07    -3.08   9.14e-09    1.30e-06
 -0.0638 -0.0378 1.66e-09 3.94e-08    -2.45   1.02e-08    1.97e-07
 -0.0583 -0.0344 1.93e-09 3.94e-08    -2.43   1.06e-08    1.97e-07
 -0.0732 -0.0422 2.72e-08 2.02e-09    -2.36   1.36e-07    1.58e-08
 -0.0628 -0.0350 5.04e-08 3.94e-08    -2.22   2.31e-07    1.97e-07
 -0.0501 -0.0269 6.38e-08 1.80e-06    -2.08   2.70e-07    5.83e-06
 -0.0495 -0.0253 2.82e-07 7.57e-07    -1.94   1.11e-06    2.60e-06
 -0.0520 -0.0263 3.31e-07 2.12e-07    -1.91   1.21e-06    8.96e-07
 -0.0591 -0.0303 4.47e-07 1.52e-07    -2.06   1.54e-06    6.99e-07
 -0.0600 -0.0269 6.85e-06 4.07e-07    -1.66   2.22e-05    1.49e-06
 -0.0416 -0.0176 1.50e-05 2.88e-06    -1.55   4.57e-05    8.81e-06
 -0.0436 -0.0181 1.84e-05 8.18e-06    -1.52   5.32e-05    2.37e-05
  0.0197  0.0484 3.23e-05 7.94e-05     1.50   8.88e-05    2.08e-04
 -0.0485 -0.0183 7.41e-05 7.40e-05    -1.39   1.85e-04    2.04e-04
 -0.0362 -0.0136 7.17e-05 2.01e-04    -1.38   1.85e-04    4.80e-04
 -0.0339 -0.0116 2.03e-04 9.10e-05    -1.28   4.84e-04    2.28e-04
 -0.0425 -0.0145 2.71e-04 2.56e-04    -1.39   6.22e-04    5.88e-04
  0.0100  0.0412 2.17e-03 6.68e-04     1.04   4.77e-03    1.47e-03

  pairs significant at BH < 0.05: Welch 30, Wilcoxon 30, of 55
  Hedges' g is the standardised difference: ~0.2 small, ~0.5 medium, ~0.8 large.

Interpretation notes
  * Power is limited by the NUMBER OF INDIVIDUALS, not the number of loci.
    Simulation at n = 15 vs 10 with realistic individual variation gave 52%
    power for a moderate difference, so a non-significant result here is
    weak evidence of no difference, not evidence of no difference.
  * If some individuals are relatives, they are not independent units and
    even this test is anti-conservative. Check relatedness first.
  * A single poor-quality library shows up as one individual with unusually
    LOW heterozygosity. Inspect the per-individual table before trusting a
    result, especially at small n where one outlier can drive it.

Wrote individual_heterozygosity.tsv and het_between_pops_tests.tsv to het_out

