Reading /fs/project/whelan.105/virgata/virgata-assembly/post-submission-filtering-tests/virgata_m3M3n3_r80p11_maf025_gt6_single/populations.snps.vcf ...
  1,693 loci, 217 samples
  haplotypes per locus: median 2, max 2; 0.0% of loci are multi-allelic (>2)
  missing genotype rate: 2.83%
  populations: LookoutCreek (n=20), FlintRiver_RylandPike (n=20), Sequatchie_Teague (n=20), PaintRock_AL2 (n=20), Dry_Creek (n=20), Pidgeon_River (n=17), Sequatchie_OldYork (n=20), Sequatchie_Inman (n=20), FlintRiver_HWY61 (n=20), BentCreek (n=20), SpringCreek (n=20)
  record type: SNP (one site per record)
  1,693 records on 1,693 RAD loci (1.00 per locus)
Available-data mode (min_n = 2): 1,693 of 1,693 records usable by >= 1 population
  18,623 of 18,623 locus-by-population cells meet min_n (100.0%)
    LookoutCreek           1,693 of 1,693 loci usable (typed-n there: mean 19.4, min 16, max 20)
    FlintRiver_RylandPike  1,693 of 1,693 loci usable (typed-n there: mean 19.3, min 16, max 20)
    Sequatchie_Teague      1,693 of 1,693 loci usable (typed-n there: mean 19.5, min 16, max 20)
    PaintRock_AL2          1,693 of 1,693 loci usable (typed-n there: mean 19.5, min 16, max 20)
    Dry_Creek              1,693 of 1,693 loci usable (typed-n there: mean 19.6, min 16, max 20)
    Pidgeon_River          1,693 of 1,693 loci usable (typed-n there: mean 16.4, min 14, max 17)
    Sequatchie_OldYork     1,693 of 1,693 loci usable (typed-n there: mean 19.4, min 16, max 20)
    Sequatchie_Inman       1,693 of 1,693 loci usable (typed-n there: mean 19.3, min 16, max 20)
    FlintRiver_HWY61       1,693 of 1,693 loci usable (typed-n there: mean 19.4, min 16, max 20)
    BentCreek              1,693 of 1,693 loci usable (typed-n there: mean 19.5, min 16, max 20)
    SpringCreek            1,693 of 1,693 loci usable (typed-n there: mean 19.4, min 16, max 20)
Engine: hierfstat::basic.stats()
Rarefying to g = 28 gene copies (smallest population has 34)
  cross-check vs hierfstat::allelic.richness(): max diff 0.00e+00
Bootstrapping 10,000 replicates over 1,693 RAD loci ...

=====================================================================
  DIVERSITY -- 11 populations, 1,693 records on 1,693 RAD loci
  He = Nei & Chesser (1983) Hs, the hierfstat quantity
  FIS = 1 - sum(Ho)/sum(Hs), a ratio of sums, monomorphic loci included
  Ar / private Ar rarefied to 28 GENE COPIES (Kalinowski 2004)
  18,623 of 18,623 locus-by-population cells meet min_n = 2 (100.0%)
  Each population's Ho/He/Fis is a ratio of sums over whichever loci it
    cleared min_n at -- see the per-population lines printed above.
  95% CI from 10,000 replicates resampling RAD LOCI
=====================================================================

            population  n     Ho     He     Fis  Fis_lo  Fis_hi pct_poly
          LookoutCreek 20 0.0845 0.0701 -0.2051 -0.2426 -0.1684     28.8
 FlintRiver_RylandPike 20 0.1346 0.1132 -0.1893 -0.2211 -0.1576     37.5
     Sequatchie_Teague 20 0.1135 0.1048 -0.0824 -0.1103 -0.0536     41.3
         PaintRock_AL2 20 0.1359 0.1038 -0.3098 -0.3387 -0.2805     37.7
             Dry_Creek 20 0.0613 0.0470 -0.3037 -0.3496 -0.2562     20.0
         Pidgeon_River 17 0.1303 0.1135 -0.1486 -0.1748 -0.1223     40.5
    Sequatchie_OldYork 20 0.1179 0.1022 -0.1540 -0.1759 -0.1311     41.3
      Sequatchie_Inman 20 0.1397 0.1309 -0.0675 -0.0922 -0.0432     49.6
      FlintRiver_HWY61 20 0.1562 0.1261 -0.2383 -0.2650 -0.2113     43.9
             BentCreek 20 0.1291 0.0973 -0.3258 -0.3566 -0.2960     34.5
           SpringCreek 20 0.1181 0.0951 -0.2416 -0.2729 -0.2099     36.3

            population     Ar Ar_n  Ar_lo  Ar_hi privAr privAr_n privAr_lo privAr_hi priv_total
          LookoutCreek 1.2670 1693 1.2469 1.2872 0.0048     1693    0.0020    0.0083        8.1
 FlintRiver_RylandPike 1.3570 1693 1.3348 1.3792 0.0023     1693    0.0008    0.0043        3.9
     Sequatchie_Teague 1.3874 1693 1.3653 1.4095 0.0001     1693    0.0000    0.0002        0.1
         PaintRock_AL2 1.3538 1693 1.3322 1.3755 0.0224     1693    0.0160    0.0293       37.9
             Dry_Creek 1.1841 1693 1.1668 1.2020 0.0006     1693    0.0000    0.0013        1.0
         Pidgeon_River 1.3932 1693 1.3704 1.4164 0.0181     1693    0.0124    0.0243       30.6
    Sequatchie_OldYork 1.3838 1693 1.3615 1.4056 0.0008     1693    0.0001    0.0021        1.4
      Sequatchie_Inman 1.4667 1693 1.4438 1.4896 0.0035     1693    0.0012    0.0064        6.0
      FlintRiver_HWY61 1.4153 1693 1.3933 1.4380 0.0047     1693    0.0019    0.0079        7.9
             BentCreek 1.3245 1693 1.3030 1.3460 0.0364     1693    0.0281    0.0452       61.7
           SpringCreek 1.3391 1693 1.3174 1.3607 0.0443     1693    0.0353    0.0541       75.0
  Ar_n / privAr_n: how many of the 1,693 loci had a defined value for that population
  (Ar needs only THAT population at >= g gene copies; privAr needs EVERY
  population at >= g simultaneously, so privAr_n <= Ar_n, often far less
  under available data -- see MINIMAL_WORKFLOW.md if privAr_n is small).
  Ar and privAr are PER LOCUS (the HP-RARE / ADZE convention);
  priv_total is the dataset-wide sum over privAr_n loci. Private = absent from all 10 others,
  so it is not comparable to a dataset with a different number of populations.
  NOTE: Ar is capped at 2 because these are biallelic SNPs, so rarefaction
  has almost nothing to correct. Run this on the HAPLOTYPE VCF for a
  richness worth reporting; private allelic richness is still informative.

Two estimators of the same parameter (gene diversity per variant record)
  He_NeiChesser  (n/(n-1))(1 - sum p^2 - Ho/2n)   unbiased at any FIS
  He_2n_corr     (2n/(2n-1))(1 - sum p^2)         unbiased only if FIS = 0
                 -- this is the estimator behind Stacks' `Pi` column.
            population He_NeiChesser He_2n_corr pct_diff Fis_NeiChesser Fis_2n_corr
          LookoutCreek        0.0701     0.0705   +0.56%        -0.2051     -0.1984
 FlintRiver_RylandPike        0.1132     0.1138   +0.52%        -0.1893     -0.1831
     Sequatchie_Teague        0.1048     0.1051   +0.22%        -0.0824     -0.0800
         PaintRock_AL2        0.1038     0.1047   +0.84%        -0.3098     -0.2989
             Dry_Creek        0.0470     0.0474   +0.83%        -0.3037     -0.2929
         Pidgeon_River        0.1135     0.1140   +0.47%        -0.1486     -0.1432
    Sequatchie_OldYork        0.1022     0.1026   +0.41%        -0.1540     -0.1492
      Sequatchie_Inman        0.1309     0.1312   +0.18%        -0.0675     -0.0655
      FlintRiver_HWY61        0.1261     0.1269   +0.64%        -0.2383     -0.2304
             BentCreek        0.0973     0.0982   +0.89%        -0.3258     -0.3141
           SpringCreek        0.0951     0.0957   +0.65%        -0.2416     -0.2336
  He barely moves; FIS moves ~(1-F)/F times as much, because FIS divides by
  the small quantity the two estimators disagree about. So Stacks' Pi is safe
  to quote and its Fis is not (and its Fis carries a second, larger error:
  it is a mean of per-locus ratios).
  Compare against `Pi`, never `Exp_Het`: Pi = Exp_Het * 2n/(2n-1) = x1.026 at n=20, x1.026 at n=20, x1.026 at n=20, x1.026 at n=20, x1.026 at n=20, x1.030 at n=17, x1.026 at n=20, x1.026 at n=20, x1.026 at n=20, x1.026 at n=20, x1.026 at n=20.
  -> MINIMAL_WORKFLOW.md, "Formulas, and what maps onto what in Stacks"

What the Ho and He numbers are
  Scaled to 222,825 sequenced sites via all 1,693 variant records (0.760% variant);
  He estimated using 1,693 of 1,693 records (100.0% of them, available-data, min_n = 2).
            population Ho_autosomal He_autosomal
          LookoutCreek    0.0006421    0.0005328
 FlintRiver_RylandPike    0.0010230    0.0008602
     Sequatchie_Teague    0.0008622    0.0007966
         PaintRock_AL2    0.0010330    0.0007886
             Dry_Creek    0.0004657    0.0003573
         Pidgeon_River    0.0009902    0.0008620
    Sequatchie_OldYork    0.0008960    0.0007765
      Sequatchie_Inman    0.0010620    0.0009946
      FlintRiver_HWY61    0.0011860    0.0009582
             BentCreek    0.0009806    0.0007396
           SpringCreek    0.0008971    0.0007226
  He_autosomal is the SAME per-site quantity as He above, averaged over every
  sequenced site instead of over variant records. That denominator is what
  makes it nucleotide diversity (pi). There is no column named `pi`.
  Compare against Stacks' `Pi` from the All-positions block -- not the
  variant-positions block, and not `Exp_Het` (Schmidt et al. 2021).
  -> MINIMAL_WORKFLOW.md, "Formulas, and what maps onto what in Stacks"

---------------------------------------------------------------------
  TAKE FROM THIS RUN:  Ho, He, pct_poly, Ho_autosomal, He_autosomal.
  Run populations.haps.vcf for Fis, Ar and privAr: on biallelic SNPs
  rarefied richness is bounded at 2, and Fis is more precise from
  multi-allelic loci.
  
  Fis is comparable between the two files; Ho and He are NOT (haplotype Ho
  asks 'is this tag heterozygous', per-site Ho asks 'is this site'). Label
  every table row with the file it came from.
  
  He and Ho above are averaged over ALL retained records including those
  monomorphic within a population -- the POOLED denominator, matching
  Stacks' Variant-positions block. Report pct_poly beside them:
      He(pooled) = He(polymorphic within pop) x pct_poly/100   (exactly)
  Do not switch to the within-population denominator; it conditions on the
  outcome and can reverse a real difference.
  -> MINIMAL_WORKFLOW.md, "Which file for which statistic"
---------------------------------------------------------------------

Weir & Cockerham via hierfstat::wc():  FST 0.5033   FIS -0.1976
  wc()'s FIS is the metapopulation value across all populations; the
  per-population column above is the one to report per population.

hierfstat::basic.stats() overall
     Ho      Hs      Ht     Dst     Htp    Dstp     Fst    Fstp     Fis    Dest 
 0.1201  0.1003  0.1917  0.0914  0.2008  0.1005  0.4766  0.5004 -0.1971  0.1117 

Wrote diversity_per_population.snps.tsv and diversity_richness.snps.tsv

