Reading /fs/project/whelan.105/virgata/virgata-assembly/post-submission-filtering-tests/virgata_m3M3n3_r80p11_maf025_gt6_single/populations.snps.vcf ...
  1,693 loci, 217 samples
  haplotypes per locus: median 2, max 2; 0.0% of loci are multi-allelic (>2)
  missing genotype rate: 2.83%
  populations: LookoutCreek (n=20), FlintRiver_RylandPike (n=20), Sequatchie_Teague (n=20), PaintRock_AL2 (n=20), Dry_Creek (n=20), Pidgeon_River (n=17), Sequatchie_OldYork (n=20), Sequatchie_Inman (n=20), FlintRiver_HWY61 (n=20), BentCreek (n=20), SpringCreek (n=20)
Loci genotyped in >= 90% of individuals (pooled): 1,667 of 1,693

=====================================================================
  HETEROZYGOSITY BETWEEN POPULATIONS -- individual as the unit
  1,667 loci pass the pooled filter (used for the
  individual-level table and confound check below); 217 individuals, 11 populations
=====================================================================

Per-population summary of individual heterozygosity
  (each population's OWN locus set -- loci at >= 90% call rate WITHIN that population; see 'n_loci'. This can differ from
   a specific pair's test below, which uses only loci BOTH members of
   that pair clear -- that is expected, not an inconsistency.)
            population  n n_loci mean_het     sd     se    min    max
          LookoutCreek 20   1573   0.0752 0.0207 0.0046 0.0486 0.1382
 FlintRiver_RylandPike 20   1548   0.1234 0.0199 0.0044 0.1050 0.1845
     Sequatchie_Teague 20   1596   0.1083 0.0234 0.0052 0.0700 0.1470
         PaintRock_AL2 20   1607   0.1261 0.0187 0.0042 0.0941 0.1537
             Dry_Creek 20   1628   0.0538 0.0157 0.0035 0.0343 0.0898
         Pidgeon_River 17   1397   0.1207 0.0263 0.0064 0.0823 0.1758
    Sequatchie_OldYork 20   1586   0.1139 0.0225 0.0050 0.0786 0.1804
      Sequatchie_Inman 20   1557   0.1318 0.0244 0.0054 0.0877 0.1830
      FlintRiver_HWY61 20   1582   0.1466 0.0175 0.0039 0.1225 0.1803
             BentCreek 20   1606   0.1170 0.0326 0.0073 0.0807 0.1941
           SpringCreek 20   1579   0.1094 0.0285 0.0064 0.0670 0.1856

Missingness confound check
  cor(per-individual call rate, heterozygosity) = -0.388  (p = 3.17e-09, n = 217)
    within LookoutCreek r = -0.354   call rate 0.941-0.983
    within FlintRiver_RylandPike r = -0.128   call rate 0.945-0.984
    within Sequatchie_Teague r = -0.547   call rate 0.960-0.989
    within PaintRock_AL2 r = -0.357   call rate 0.944-0.986
    within Dry_Creek    r = -0.435   call rate 0.972-0.991
    within Pidgeon_River r = -0.771   call rate 0.928-0.983
    within Sequatchie_OldYork r = -0.190   call rate 0.948-0.987
    within Sequatchie_Inman r = -0.420   call rate 0.915-0.988
    within FlintRiver_HWY61 r = -0.527   call rate 0.955-0.983
    within BentCreek    r = -0.743   call rate 0.958-0.983
    within SpringCreek  r = -0.150   call rate 0.940-0.987
  No positive association, so heterozygosity is not tracking coverage.

  'sd' is the spread AMONG INDIVIDUALS. That spread, divided by sqrt(n), is
  the real uncertainty in a population mean -- and it does not shrink at all
  as you add loci, which is why locus-based tests can be invalid here.

Overdispersion check -- does the locus bootstrap fail on THIS dataset?
  (each population's own locus set, as in the summary above)
            population  n  obs_sd binomial_sd overdispersion SE_understated_by
          LookoutCreek 20 0.02072     0.00495           17.6              4.2x
 FlintRiver_RylandPike 20 0.01986     0.00617           10.4              3.2x
     Sequatchie_Teague 20 0.02340     0.00620           14.2              3.8x
         PaintRock_AL2 20 0.01870     0.00585           10.2              3.2x
             Dry_Creek 20 0.01574     0.00393           16.1                4x
         Pidgeon_River 17 0.02629     0.00666           15.6              3.9x
    Sequatchie_OldYork 20 0.02255     0.00627           12.9              3.6x
      Sequatchie_Inman 20 0.02436     0.00694           12.3              3.5x
      FlintRiver_HWY61 20 0.01750     0.00650            7.2              2.7x
             BentCreek 20 0.03255     0.00561           33.7              5.8x
           SpringCreek 20 0.02851     0.00573           24.7                5x

  Overdispersion is LARGE. Individuals differ far more than coin-flip noise,
  so a locus bootstrap would understate the standard error by the factor in
  the last column and reject far too often. Use the test below, and inspect
  the per-individual table for outliers (a bad library looks like one
  individual with unusually LOW heterozygosity).
  This is the point made by Van Dongen (1995, Heredity 74:445-447): the unit
  of resampling changes what the bootstrap means, and loci are usually the
  wrong unit because they are all measured on the same individuals.

Pairwise tests -- 55 comparisons. Welch's t is the primary test;
Wilcoxon is the distribution-free check. 'diff' and its CI are from Welch.
p_*_BH are Benjamini-Hochberg adjusted across all 55 comparisons.
  (25 most significant pairs; full table written to file)
                  pop1                  pop2 n_loci n1  mean1 n2  mean2    diff
             Dry_Creek      FlintRiver_HWY61   1522 20 0.0556 20 0.1472 -0.0916
         PaintRock_AL2             Dry_Creek   1549 20 0.1260 20 0.0510  0.0750
 FlintRiver_RylandPike             Dry_Creek   1494 20 0.1240 20 0.0556  0.0684
          LookoutCreek      FlintRiver_HWY61   1477 20 0.0748 20 0.1430 -0.0682
             Dry_Creek      Sequatchie_Inman   1500 20 0.0561 20 0.1313 -0.0752
             Dry_Creek    Sequatchie_OldYork   1531 20 0.0558 20 0.1143 -0.0586
          LookoutCreek         PaintRock_AL2   1493 20 0.0731 20 0.1269 -0.0538
     Sequatchie_Teague             Dry_Creek   1538 20 0.1075 20 0.0550  0.0524
          LookoutCreek      Sequatchie_Inman   1455 20 0.0751 20 0.1320 -0.0569
             Dry_Creek         Pidgeon_River   1354 20 0.0528 17 0.1204 -0.0677
          LookoutCreek FlintRiver_RylandPike   1461 20 0.0721 20 0.1158 -0.0437
             Dry_Creek           SpringCreek   1521 20 0.0550 20 0.1096 -0.0546
             Dry_Creek             BentCreek   1548 20 0.0554 20 0.1149 -0.0595
          LookoutCreek         Pidgeon_River   1305 20 0.0701 17 0.1205 -0.0504
          LookoutCreek    Sequatchie_OldYork   1482 20 0.0721 20 0.1144 -0.0424
     Sequatchie_Teague      FlintRiver_HWY61   1499 20 0.1096 20 0.1503 -0.0407
          LookoutCreek     Sequatchie_Teague   1486 20 0.0751 20 0.1092 -0.0341
          LookoutCreek             BentCreek   1497 20 0.0744 20 0.1182 -0.0438
      FlintRiver_HWY61           SpringCreek   1492 20 0.1445 20 0.1082  0.0364
    Sequatchie_OldYork      FlintRiver_HWY61   1494 20 0.1149 20 0.1442 -0.0293
          LookoutCreek           SpringCreek   1474 20 0.0746 20 0.1114 -0.0368
 FlintRiver_RylandPike      FlintRiver_HWY61   1455 20 0.1193 20 0.1425 -0.0232
         PaintRock_AL2      FlintRiver_HWY61   1508 20 0.1262 20 0.1488 -0.0226
      FlintRiver_HWY61             BentCreek   1522 20 0.1454 20 0.1141  0.0313
         Pidgeon_River      FlintRiver_HWY61   1323 17 0.1226 20 0.1497 -0.0272
   ci_lo   ci_hi  p_welch p_wilcox hedges_g p_welch_BH p_wilcox_BH
 -0.1025 -0.0808 2.18e-19 1.45e-11    -5.28   1.20e-17    3.99e-10
  0.0639  0.0861 4.66e-16 6.79e-08     4.25   1.28e-14    3.39e-07
  0.0566  0.0801 6.12e-14 1.45e-11     3.65   1.12e-12    3.99e-10
 -0.0805 -0.0558 2.86e-13 2.02e-09    -3.48   3.93e-12    1.85e-08
 -0.0886 -0.0619 3.98e-13 2.90e-11    -3.55   4.38e-12    5.32e-10
 -0.0714 -0.0458 5.77e-11 2.76e-10    -2.88   5.29e-10    3.79e-09
 -0.0664 -0.0411 1.99e-10 1.33e-08    -2.67   1.56e-09    8.11e-08
  0.0397  0.0652 9.10e-10 5.41e-09     2.59   6.26e-09    4.25e-08
 -0.0713 -0.0426 1.18e-09 2.32e-08    -2.49   6.56e-09    1.27e-07
 -0.0825 -0.0529 1.19e-09 5.03e-10    -3.18   6.56e-09    5.53e-09
 -0.0563 -0.0310 2.58e-08 1.34e-07    -2.17   1.19e-07    5.67e-07
 -0.0697 -0.0396 2.60e-08 9.92e-09    -2.30   1.19e-07    6.82e-08
 -0.0761 -0.0429 5.58e-08 2.96e-07    -2.27   2.36e-07    1.16e-06
 -0.0662 -0.0346 3.09e-07 1.15e-07    -2.14   1.13e-06    5.27e-07
 -0.0561 -0.0286 2.89e-07 2.69e-06    -1.93   1.13e-06    9.24e-06
 -0.0540 -0.0275 3.29e-07 7.57e-07    -1.93   1.13e-06    2.78e-06
 -0.0480 -0.0202 1.49e-05 4.91e-06    -1.54   4.81e-05    1.59e-05
 -0.0616 -0.0261 1.81e-05 8.59e-06    -1.56   5.54e-05    2.62e-05
  0.0211  0.0516 3.06e-05 3.36e-05     1.51   8.87e-05    9.25e-05
 -0.0420 -0.0166 4.22e-05 2.92e-05    -1.45   1.16e-04    8.46e-05
 -0.0529 -0.0207 4.59e-05 4.68e-05    -1.44   1.20e-04    1.22e-04
 -0.0352 -0.0112 3.80e-04 1.55e-04    -1.21   9.49e-04    3.88e-04
 -0.0344 -0.0108 4.21e-04 1.16e-03    -1.20   1.01e-03    2.66e-03
  0.0146  0.0480 6.44e-04 4.15e-04     1.19   1.48e-03    9.93e-04
 -0.0426 -0.0117 1.24e-03 1.25e-03    -1.21   2.72e-03    2.75e-03

  pairs significant at BH < 0.05: Welch 29, Wilcoxon 30, of 55
  Hedges' g is the standardised difference: ~0.2 small, ~0.5 medium, ~0.8 large.

Interpretation notes
  * Power is limited by the NUMBER OF INDIVIDUALS, not the number of loci.
    Simulation at n = 15 vs 10 with realistic individual variation gave 52%
    power for a moderate difference, so a non-significant result here is
    weak evidence of no difference, not evidence of no difference.
  * If some individuals are relatives, they are not independent units and
    even this test is anti-conservative. Check relatedness first.
  * A single poor-quality library shows up as one individual with unusually
    LOW heterozygosity. Inspect the per-individual table before trusting a
    result, especially at small n where one outlier can drive it.

Wrote individual_heterozygosity.tsv and het_between_pops_tests.tsv to het_out

