Reading /fs/project/whelan.105/virgata/virgata-assembly/post-submission-filtering-tests/virgata_m3M3n3_r80p11_maf025/populations.snps.vcf ...
  855 records share a locus ID with another (2,517 distinct loci) -- expected for a SNP VCF, NOT for a haps VCF
  3,372 loci, 217 samples
  haplotypes per locus: median 2, max 2; 0.0% of loci are multi-allelic (>2)
  missing genotype rate: 3.58%
  populations: LookoutCreek (n=20), FlintRiver_RylandPike (n=20), Sequatchie_Teague (n=20), PaintRock_AL2 (n=20), Dry_Creek (n=20), Pidgeon_River (n=17), Sequatchie_OldYork (n=20), Sequatchie_Inman (n=20), FlintRiver_HWY61 (n=20), BentCreek (n=20), SpringCreek (n=20)
Loci genotyped in >= 90% of individuals (pooled): 3,289 of 3,372

=====================================================================
  HETEROZYGOSITY BETWEEN POPULATIONS -- individual as the unit
  3,289 loci pass the pooled filter (used for the
  individual-level table and confound check below); 217 individuals, 11 populations
=====================================================================

Per-population summary of individual heterozygosity
  (each population's OWN locus set -- loci at >= 90% call rate WITHIN that population; see 'n_loci'. This can differ from
   a specific pair's test below, which uses only loci BOTH members of
   that pair clear -- that is expected, not an inconsistency.)
            population  n n_loci mean_het     sd     se    min    max
          LookoutCreek 20   3119   0.0853 0.0217 0.0049 0.0530 0.1474
 FlintRiver_RylandPike 20   3034   0.1277 0.0162 0.0036 0.1044 0.1616
     Sequatchie_Teague 20   3125   0.0971 0.0206 0.0046 0.0613 0.1516
         PaintRock_AL2 20   3147   0.1084 0.0129 0.0029 0.0867 0.1275
             Dry_Creek 20   3211   0.0533 0.0114 0.0026 0.0373 0.0789
         Pidgeon_River 17   2625   0.1080 0.0182 0.0044 0.0852 0.1457
    Sequatchie_OldYork 20   3045   0.1032 0.0199 0.0044 0.0803 0.1635
      Sequatchie_Inman 20   2938   0.1237 0.0183 0.0041 0.0870 0.1550
      FlintRiver_HWY61 20   2995   0.1381 0.0138 0.0031 0.1190 0.1628
             BentCreek 20   3117   0.1163 0.0246 0.0055 0.0884 0.1735
           SpringCreek 20   3072   0.1153 0.0186 0.0042 0.0879 0.1634

Missingness confound check
  cor(per-individual call rate, heterozygosity) = -0.541  (p = 6.76e-18, n = 217)
    within LookoutCreek r = -0.630   call rate 0.939-0.981
    within FlintRiver_RylandPike r = -0.550   call rate 0.931-0.983
    within Sequatchie_Teague r = -0.627   call rate 0.946-0.983
    within PaintRock_AL2 r = -0.415   call rate 0.939-0.986
    within Dry_Creek    r = -0.545   call rate 0.967-0.989
    within Pidgeon_River r = -0.821   call rate 0.890-0.982
    within Sequatchie_OldYork r = -0.490   call rate 0.948-0.987
    within Sequatchie_Inman r = -0.560   call rate 0.891-0.986
    within FlintRiver_HWY61 r = -0.410   call rate 0.939-0.974
    within BentCreek    r = -0.855   call rate 0.939-0.980
    within SpringCreek  r = -0.238   call rate 0.923-0.981
  No positive association, so heterozygosity is not tracking coverage.
  WARNING: mean call rate differs between populations by more than 2
          percentage points. That asymmetry is itself a candidate explanation.

  'sd' is the spread AMONG INDIVIDUALS. That spread, divided by sqrt(n), is
  the real uncertainty in a population mean -- and it does not shrink at all
  as you add loci, which is why locus-based tests can be invalid here.

Overdispersion check -- does the locus bootstrap fail on THIS dataset?
  (each population's own locus set, as in the summary above)
            population  n  obs_sd binomial_sd overdispersion SE_understated_by
          LookoutCreek 20 0.02171     0.00368           34.7              5.9x
 FlintRiver_RylandPike 20 0.01623     0.00444           13.4              3.7x
     Sequatchie_Teague 20 0.02057     0.00425           23.5              4.8x
         PaintRock_AL2 20 0.01289     0.00394           10.7              3.3x
             Dry_Creek 20 0.01143     0.00274           17.4              4.2x
         Pidgeon_River 17 0.01818     0.00459           15.7                4x
    Sequatchie_OldYork 20 0.01988     0.00444           20.1              4.5x
      Sequatchie_Inman 20 0.01830     0.00496           13.6              3.7x
      FlintRiver_HWY61 20 0.01379     0.00469            8.7              2.9x
             BentCreek 20 0.02460     0.00398           38.1              6.2x
           SpringCreek 20 0.01862     0.00426           19.1              4.4x

  Overdispersion is LARGE. Individuals differ far more than coin-flip noise,
  so a locus bootstrap would understate the standard error by the factor in
  the last column and reject far too often. Use the test below, and inspect
  the per-individual table for outliers (a bad library looks like one
  individual with unusually LOW heterozygosity).
  This is the point made by Van Dongen (1995, Heredity 74:445-447): the unit
  of resampling changes what the bootstrap means, and loci are usually the
  wrong unit because they are all measured on the same individuals.

Pairwise tests -- 55 comparisons. Welch's t is the primary test;
Wilcoxon is the distribution-free check. 'diff' and its CI are from Welch.
p_*_BH are Benjamini-Hochberg adjusted across all 55 comparisons.
  (25 most significant pairs; full table written to file)
                  pop1                  pop2 n_loci n1  mean1 n2  mean2    diff
             Dry_Creek      FlintRiver_HWY61   2852 20 0.0572 20 0.1385 -0.0812
 FlintRiver_RylandPike             Dry_Creek   2891 20 0.1280 20 0.0532  0.0749
         PaintRock_AL2             Dry_Creek   3028 20 0.1060 20 0.0493  0.0567
             Dry_Creek      Sequatchie_Inman   2807 20 0.0568 20 0.1235 -0.0667
             Dry_Creek           SpringCreek   2928 20 0.0547 20 0.1169 -0.0622
             Dry_Creek         Pidgeon_River   2528 20 0.0514 17 0.1074 -0.0559
             Dry_Creek             BentCreek   2970 20 0.0537 20 0.1154 -0.0617
             Dry_Creek    Sequatchie_OldYork   2920 20 0.0538 20 0.1027 -0.0489
          LookoutCreek      FlintRiver_HWY61   2785 20 0.0865 20 0.1337 -0.0472
     Sequatchie_Teague             Dry_Creek   2997 20 0.0954 20 0.0522  0.0432
     Sequatchie_Teague      FlintRiver_HWY61   2790 20 0.0998 20 0.1412 -0.0414
          LookoutCreek FlintRiver_RylandPike   2857 20 0.0801 20 0.1183 -0.0381
    Sequatchie_OldYork      FlintRiver_HWY61   2755 20 0.1041 20 0.1389 -0.0348
          LookoutCreek      Sequatchie_Inman   2724 20 0.0847 20 0.1252 -0.0405
         PaintRock_AL2      FlintRiver_HWY61   2808 20 0.1106 20 0.1389 -0.0283
 FlintRiver_RylandPike     Sequatchie_Teague   2812 20 0.1290 20 0.0987  0.0303
      FlintRiver_HWY61           SpringCreek   2774 20 0.1374 20 0.1089  0.0286
          LookoutCreek             Dry_Creek   2978 20 0.0804 20 0.0514  0.0290
         Pidgeon_River      FlintRiver_HWY61   2386 17 0.1119 20 0.1417 -0.0298
          LookoutCreek           SpringCreek   2856 20 0.0855 20 0.1166 -0.0311
          LookoutCreek         PaintRock_AL2   2914 20 0.0826 20 0.1101 -0.0276
          LookoutCreek         Pidgeon_River   2437 20 0.0801 17 0.1108 -0.0307
          LookoutCreek             BentCreek   2887 20 0.0850 20 0.1183 -0.0333
 FlintRiver_RylandPike         PaintRock_AL2   2830 20 0.1284 20 0.1083  0.0201
     Sequatchie_Teague      Sequatchie_Inman   2766 20 0.0954 20 0.1208 -0.0255
   ci_lo   ci_hi  p_welch p_wilcox hedges_g p_welch_BH p_wilcox_BH
 -0.0897 -0.0728 3.06e-21 1.45e-11    -6.05   1.68e-19    1.60e-10
  0.0655  0.0842 9.73e-18 6.79e-08     5.06   2.68e-16    3.39e-07
  0.0491  0.0643 2.22e-17 1.45e-11     4.67   4.07e-16    1.60e-10
 -0.0766 -0.0568 3.37e-15 1.45e-11    -4.25   4.63e-14    1.60e-10
 -0.0723 -0.0520 6.42e-14 1.45e-11    -3.88   7.06e-13    1.60e-10
 -0.0664 -0.0455 2.47e-11 1.26e-10    -3.67   2.27e-10    9.88e-10
 -0.0743 -0.0491 1.17e-10 1.45e-11    -3.11   9.22e-10    1.60e-10
 -0.0596 -0.0381 1.76e-10 5.80e-11    -2.88   1.21e-09    5.32e-10
 -0.0591 -0.0354 3.14e-09 3.03e-08    -2.51   1.81e-08    1.85e-07
  0.0326  0.0538 3.29e-09 4.35e-10     2.58   1.81e-08    2.99e-09
 -0.0531 -0.0297 3.16e-08 5.08e-08    -2.23   1.58e-07    2.80e-07
 -0.0496 -0.0267 6.63e-08 1.69e-07    -2.10   3.04e-07    7.15e-07
 -0.0453 -0.0243 8.87e-08 1.69e-07    -2.08   3.75e-07    7.15e-07
 -0.0531 -0.0279 1.35e-07 2.64e-07    -2.02   5.31e-07    1.04e-06
 -0.0373 -0.0193 1.73e-07 6.18e-07    -1.98   6.36e-07    2.27e-06
  0.0189  0.0418 4.52e-06 6.91e-06     1.66   1.55e-05    2.24e-05
  0.0177  0.0394 5.91e-06 9.65e-06     1.65   1.91e-05    2.95e-05
  0.0178  0.0402 1.11e-05 1.65e-06     1.64   3.32e-05    5.69e-06
 -0.0414 -0.0181 1.15e-05 1.65e-05    -1.71   3.32e-05    4.78e-05
 -0.0444 -0.0178 3.09e-05 2.90e-05    -1.47   8.50e-05    7.24e-05
 -0.0392 -0.0159 3.82e-05 1.83e-05    -1.49   1.00e-04    5.03e-05
 -0.0440 -0.0174 4.09e-05 3.98e-05    -1.49   1.02e-04    9.51e-05
 -0.0484 -0.0181 7.37e-05 2.49e-05    -1.38   1.76e-04    6.52e-05
  0.0107  0.0295 1.13e-04 1.77e-04     1.34   2.58e-04    3.88e-04
 -0.0380 -0.0129 2.18e-04 2.28e-04    -1.27   4.80e-04    4.82e-04

  pairs significant at BH < 0.05: Welch 37, Wilcoxon 37, of 55
  Hedges' g is the standardised difference: ~0.2 small, ~0.5 medium, ~0.8 large.

Interpretation notes
  * Power is limited by the NUMBER OF INDIVIDUALS, not the number of loci.
    Simulation at n = 15 vs 10 with realistic individual variation gave 52%
    power for a moderate difference, so a non-significant result here is
    weak evidence of no difference, not evidence of no difference.
  * If some individuals are relatives, they are not independent units and
    even this test is anti-conservative. Check relatedness first.
  * A single poor-quality library shows up as one individual with unusually
    LOW heterozygosity. Inspect the per-individual table before trusting a
    result, especially at small n where one outlier can drive it.

Wrote individual_heterozygosity.tsv and het_between_pops_tests.tsv to het_out

